Archive member included to satisfy reference by file (symbol)

/big/project-storage/nordic-tools/nrf5-sdk-ses/segger_embedded_studio_for_arm_4.52c/lib/libc_v7em_fpv4_sp_d16_hard_t_le_eabi.a(libc2.o)
                              Output/ble_pwm_blinky_pca10056 Release/Obj/nrf_log_str_formatter.o (isprint)
/big/project-storage/nordic-tools/nrf5-sdk-ses/segger_embedded_studio_for_arm_4.52c/lib/libc_v7em_fpv4_sp_d16_hard_t_le_eabi.a(libc2_asm.o)
                              Output/ble_pwm_blinky_pca10056 Release/Obj/nrf_log_frontend.o (memcpy)
/big/project-storage/nordic-tools/nrf5-sdk-ses/segger_embedded_studio_for_arm_4.52c/lib/libc_v7em_fpv4_sp_d16_hard_t_le_eabi.a(libc.o)
                              /big/project-storage/nordic-tools/nrf5-sdk-ses/segger_embedded_studio_for_arm_4.52c/lib/libc_v7em_fpv4_sp_d16_hard_t_le_eabi.a(libc2.o) (__heap_lock)
/big/project-storage/nordic-tools/nrf5-sdk-ses/segger_embedded_studio_for_arm_4.52c/lib/libc_v7em_fpv4_sp_d16_hard_t_le_eabi.a(libc_asm.o)
                              /big/project-storage/nordic-tools/nrf5-sdk-ses/segger_embedded_studio_for_arm_4.52c/lib/libc_v7em_fpv4_sp_d16_hard_t_le_eabi.a(libc2.o) (__aeabi_uldivmod)
/big/project-storage/nordic-tools/nrf5-sdk-ses/segger_embedded_studio_for_arm_4.52c/lib/libdebugio_v7em_fpv4_sp_d16_hard_t_le_eabi.a(libdebugio.o)
                              Output/ble_pwm_blinky_pca10056 Release/Obj/thumb_crt0.o (debug_fopen)
/big/project-storage/nordic-tools/nrf5-sdk-ses/segger_embedded_studio_for_arm_4.52c/lib/libdebugio_mempoll_v7em_fpv4_sp_d16_hard_t_le_eabi.a(mempoll_debug_operations.o)
                              /big/project-storage/nordic-tools/nrf5-sdk-ses/segger_embedded_studio_for_arm_4.52c/lib/libdebugio_v7em_fpv4_sp_d16_hard_t_le_eabi.a(libdebugio.o) (__do_debug_operation)
/big/project-storage/nordic-tools/nrf5-sdk-ses/segger_embedded_studio_for_arm_4.52c/lib/libdebugio_mempoll_v7em_fpv4_sp_d16_hard_t_le_eabi.a(do_nv_debug_operation.o)
                              /big/project-storage/nordic-tools/nrf5-sdk-ses/segger_embedded_studio_for_arm_4.52c/lib/libdebugio_v7em_fpv4_sp_d16_hard_t_le_eabi.a(libdebugio.o) (__do_nvdebug_operation)
/big/project-storage/nordic-tools/nrf5-sdk-ses/segger_embedded_studio_for_arm_4.52c/lib/libm_v7em_fpv4_sp_d16_hard_t_le_eabi.a(libm_asm.o)
                              /big/project-storage/nordic-tools/nrf5-sdk-ses/segger_embedded_studio_for_arm_4.52c/lib/libc_v7em_fpv4_sp_d16_hard_t_le_eabi.a(libc2.o) (__aeabi_dadd)
/big/project-storage/nordic-tools/nrf5-sdk-ses/segger_embedded_studio_for_arm_4.52c/lib/libm_v7em_fpv4_sp_d16_hard_t_le_eabi.a(libm2.o)
                              /big/project-storage/nordic-tools/nrf5-sdk-ses/segger_embedded_studio_for_arm_4.52c/lib/libvfprintf_v7em_fpv4_sp_d16_hard_t_le_eabi.o (frexp)

Discarded input sections

 .text          0x0000000000000000        0x0 Output/ble_pwm_blinky_pca10056 Release/Obj/thumb_crt0.o
 .data          0x0000000000000000        0x0 Output/ble_pwm_blinky_pca10056 Release/Obj/thumb_crt0.o
 .bss           0x0000000000000000        0x0 Output/ble_pwm_blinky_pca10056 Release/Obj/thumb_crt0.o
 .text.__aeabi_read_tp
                0x0000000000000000        0x8 Output/ble_pwm_blinky_pca10056 Release/Obj/thumb_crt0.o
 .text.abort    0x0000000000000000        0x2 Output/ble_pwm_blinky_pca10056 Release/Obj/thumb_crt0.o
 .text.__assert
                0x0000000000000000        0x2 Output/ble_pwm_blinky_pca10056 Release/Obj/thumb_crt0.o
 .text.__assert_func
                0x0000000000000000        0x2 Output/ble_pwm_blinky_pca10056 Release/Obj/thumb_crt0.o
 .text.__aeabi_assert
                0x0000000000000000        0x2 Output/ble_pwm_blinky_pca10056 Release/Obj/thumb_crt0.o
 .text.__sync_synchronize
                0x0000000000000000        0x2 Output/ble_pwm_blinky_pca10056 Release/Obj/thumb_crt0.o
 .text.__getchar
                0x0000000000000000        0x4 Output/ble_pwm_blinky_pca10056 Release/Obj/thumb_crt0.o
 .text.__putchar
                0x0000000000000000        0x4 Output/ble_pwm_blinky_pca10056 Release/Obj/thumb_crt0.o
 .text.__open   0x0000000000000000        0x4 Output/ble_pwm_blinky_pca10056 Release/Obj/thumb_crt0.o
 .text.__close  0x0000000000000000        0x4 Output/ble_pwm_blinky_pca10056 Release/Obj/thumb_crt0.o
 .text.__write  0x0000000000000000        0xa Output/ble_pwm_blinky_pca10056 Release/Obj/thumb_crt0.o
 .text.__read   0x0000000000000000        0xa Output/ble_pwm_blinky_pca10056 Release/Obj/thumb_crt0.o
 .text.__seek   0x0000000000000000       0x1a Output/ble_pwm_blinky_pca10056 Release/Obj/thumb_crt0.o
 .bss.__user_locale_name_buffer
                0x0000000000000000        0x4 Output/ble_pwm_blinky_pca10056 Release/Obj/thumb_crt0.o
 .stack         0x0000000000000000        0x0 Output/ble_pwm_blinky_pca10056 Release/Obj/thumb_crt0.o
 .stack_process
                0x0000000000000000        0x0 Output/ble_pwm_blinky_pca10056 Release/Obj/thumb_crt0.o
[...]
Memory Configuration

Name             Origin             Length             Attributes
UNPLACED_SECTIONS 0x0000000100000000 0x0000000000000000 xw
RAM              0x0000000020000000 0x0000000000040000 xw
FLASH            0x0000000000000000 0x0000000000100000 xw
*default*        0x0000000000000000 0xffffffffffffffff

Linker script and memory map

                0x0000000000000000                __vfprintf = __vfprintf_long
                0x0000000000000000                __vfscanf = __vfscanf_long
                0x0000000020000000                __RAM_segment_start__ = 0x20000000
                0x0000000020040000                __RAM_segment_end__ = 0x20040000
                0x0000000000040000                __RAM_segment_size__ = 0x40000
                0x0000000000000000                __FLASH_segment_start__ = 0x0
                0x0000000000100000                __FLASH_segment_end__ = 0x100000
                0x0000000000100000                __FLASH_segment_size__ = 0x100000
                0x0000000000002000                __HEAPSIZE__ = 0x2000
                0x0000000000000000                __STACKSIZE_PROCESS__ = 0x0
                0x0000000000002000                __STACKSIZE__ = 0x2000
                0x0000000020000000                __reserved_ram_load_start__ = 0x20000000

.reserved_ram   0x0000000020000000     0x2ae8
                0x0000000020000000                __reserved_ram_start__ = .
 *(.reserved_ram .reserved_ram.*)
                0x0000000020002ae8                . = MAX (((__reserved_ram_start__ + 0x20002ae8) - 0x20000000), .)
 *fill*         0x0000000020000000     0x2ae8 
                0x0000000020002ae8                __reserved_ram_end__ = (__reserved_ram_start__ + SIZEOF (.reserved_ram))
                0x0000000000002ae8                __reserved_ram_size__ = SIZEOF (.reserved_ram)
                0x0000000020002ae8                __reserved_ram_load_end__ = __reserved_ram_end__
                0x0000000000000001                . = ASSERT (((__reserved_ram_start__ == __reserved_ram_end__) || ((__reserved_ram_end__ - __RAM_segment_start__) <= __RAM_segment_size__)), error: .reserved_ram is too large to fit in RAM memory segment)
                0x0000000020002ae8                __vectors_ram_load_start__ = 0x20002ae8

.vectors_ram    0x0000000020002ae8        0x0
                0x0000000020002ae8                __vectors_ram_start__ = .
                0x0000000020002ae8                __app_ram_start__ = __vectors_ram_start__
 *(.vectors_ram .vectors_ram.*)
                0x0000000020002ae8                __vectors_ram_end__ = (__vectors_ram_start__ + SIZEOF (.vectors_ram))
                0x0000000000000000                __vectors_ram_size__ = SIZEOF (.vectors_ram)
                0x0000000020002ae8                __vectors_ram_load_end__ = __vectors_ram_end__
                0x0000000000000001                . = ASSERT (((__vectors_ram_start__ == __vectors_ram_end__) || ((__vectors_ram_end__ - __RAM_segment_start__) <= __RAM_segment_size__)), error: .vectors_ram is too large to fit in RAM memory segment)
                0x0000000000000001                . = ASSERT ((__reserved_ram_end__ <= __vectors_ram_start__), error: section .reserved_ram overlaps absolute placed section .vectors_ram)
                0x0000000020002ae8                __nrf_sections_run_load_start__ = ALIGN (__vectors_ram_end__, 0x4)

.nrf_sections_run
                0x0000000020002ae8        0x0
                0x0000000020002ae8                __nrf_sections_run_start__ = .
                0x0000000020002ae8                __start_nrf_sections_run = __nrf_sections_run_start__
 *(.nrf_sections_run .nrf_sections_run.*)
                0x0000000020002ae8                __nrf_sections_run_end__ = (__nrf_sections_run_start__ + SIZEOF (.nrf_sections_run))
                0x0000000000000000                __nrf_sections_run_size__ = SIZEOF (.nrf_sections_run)
                0x0000000020002ae8                __nrf_sections_run_load_end__ = __nrf_sections_run_end__
                0x0000000000000001                . = ASSERT (((__nrf_sections_run_start__ == __nrf_sections_run_end__) || ((__nrf_sections_run_end__ - __RAM_segment_start__) <= __RAM_segment_size__)), error: .nrf_sections_run is too large to fit in RAM memory segment)
                0x0000000000000000                __reserved_flash_load_start__ = 0x0

.reserved_flash
                0x0000000000000000    0x27000
                0x0000000000000000                __reserved_flash_start__ = .
 *(.reserved_flash .reserved_flash.*)
                0x0000000000027000                . = MAX (((__reserved_flash_start__ + 0x27000) - 0x0), .)
 *fill*         0x0000000000000000    0x27000 
                0x0000000000027000                __reserved_flash_end__ = (__reserved_flash_start__ + SIZEOF (.reserved_flash))
                0x0000000000027000                __reserved_flash_size__ = SIZEOF (.reserved_flash)
                0x0000000000027000                __reserved_flash_load_end__ = __reserved_flash_end__
                0x0000000000000001                . = ASSERT (((__reserved_flash_start__ == __reserved_flash_end__) || ((__reserved_flash_end__ - __FLASH_segment_start__) <= __FLASH_segment_size__)), error: .reserved_flash is too large to fit in FLASH memory segment)
                0x0000000000027000                __vectors_load_start__ = 0x27000

.vectors        0x0000000000027000      0x200
                0x0000000000027000                __vectors_start__ = .
 *(.vectors .vectors.*)
 .vectors       0x0000000000027000      0x200 Output/ble_pwm_blinky_pca10056 Release/Obj/ses_startup_nrf52840.o
                0x0000000000027000                _vectors
                0x0000000000027200                __vectors_end__ = (__vectors_start__ + SIZEOF (.vectors))
                0x0000000000000200                __vectors_size__ = SIZEOF (.vectors)
                0x0000000000027200                __vectors_load_end__ = __vectors_end__
                0x0000000000000001                . = ASSERT (((__vectors_start__ == __vectors_end__) || ((__vectors_end__ - __FLASH_segment_start__) <= __FLASH_segment_size__)), error: .vectors is too large to fit in FLASH memory segment)
                0x0000000000000001                . = ASSERT ((__reserved_flash_end__ <= __vectors_start__), error: section .reserved_flash overlaps absolute placed section .vectors)
                0x0000000000027200                __init_load_start__ = ALIGN (__vectors_end__, 0x4)

.init           0x0000000000027200      0x1d0
                0x0000000000027200                __init_start__ = .
 *(.init .init.*)
 .init          0x0000000000027200      0x15c Output/ble_pwm_blinky_pca10056 Release/Obj/thumb_crt0.o
                0x0000000000027200                _start
                0x00000000000272b4                exit
 .init          0x000000000002735c       0x18 Output/ble_pwm_blinky_pca10056 Release/Obj/ses_startup_nrf52840.o
                0x000000000002735c                NMI_Handler
                0x000000000002735e                HardFault_Handler
                0x0000000000027360                MemoryManagement_Handler
                0x0000000000027362                BusFault_Handler
                0x0000000000027364                UsageFault_Handler
                0x0000000000027366                SVC_Handler
                0x0000000000027368                DebugMon_Handler
                0x000000000002736a                PendSV_Handler
                0x000000000002736c                SysTick_Handler
                0x000000000002736e                TIMER2_IRQHandler
                0x000000000002736e                RTC0_IRQHandler
                0x000000000002736e                SWI0_EGU0_IRQHandler
                0x000000000002736e                PWM1_IRQHandler
                0x000000000002736e                POWER_CLOCK_IRQHandler
                0x000000000002736e                RADIO_IRQHandler
                0x000000000002736e                PDM_IRQHandler
                0x000000000002736e                TEMP_IRQHandler
                0x000000000002736e                QDEC_IRQHandler
                0x000000000002736e                TIMER3_IRQHandler
                0x000000000002736e                PWM3_IRQHandler
                0x000000000002736e                FPU_IRQHandler
                0x000000000002736e                USBD_IRQHandler
                0x000000000002736e                SPIM0_SPIS0_TWIM0_TWIS0_SPI0_TWI0_IRQHandler
                0x000000000002736e                UARTE0_UART0_IRQHandler
                0x000000000002736e                TIMER4_IRQHandler
                0x000000000002736e                CRYPTOCELL_IRQHandler
                0x000000000002736e                I2S_IRQHandler
                0x000000000002736e                SWI4_EGU4_IRQHandler
                0x000000000002736e                UARTE1_IRQHandler
                0x000000000002736e                Dummy_Handler
                0x000000000002736e                SPIM3_IRQHandler
                0x000000000002736e                PWM2_IRQHandler
                0x000000000002736e                ECB_IRQHandler
                0x000000000002736e                SPIM1_SPIS1_TWIM1_TWIS1_SPI1_TWI1_IRQHandler
                0x000000000002736e                SAADC_IRQHandler
                0x000000000002736e                CCM_AAR_IRQHandler
                0x000000000002736e                WDT_IRQHandler
                0x000000000002736e                SWI5_EGU5_IRQHandler
                0x000000000002736e                RNG_IRQHandler
                0x000000000002736e                RTC2_IRQHandler
                0x000000000002736e                PWM0_IRQHandler
                0x000000000002736e                SWI3_EGU3_IRQHandler
                0x000000000002736e                SWI1_EGU1_IRQHandler
                0x000000000002736e                SPIM2_SPIS2_SPI2_IRQHandler
                0x000000000002736e                NFCT_IRQHandler
                0x000000000002736e                MWU_IRQHandler
                0x000000000002736e                QSPI_IRQHandler
                0x000000000002736e                COMP_LPCOMP_IRQHandler
                0x0000000000027370                nRFInitialize
 .init          0x0000000000027374       0x5c Output/ble_pwm_blinky_pca10056 Release/Obj/ses_startup_nrf_common.o
                0x0000000000027374                Reset_Handler
                0x0000000000027378                afterInitialize
                0x000000000002739c                InitializeUserMemorySections
                0x00000000000273d0                __init_end__ = (__init_start__ + SIZEOF (.init))
                0x00000000000001d0                __init_size__ = SIZEOF (.init)
                0x00000000000273d0                __init_load_end__ = __init_end__
                0x0000000000000001                . = ASSERT (((__init_start__ == __init_end__) || ((__init_end__ - __FLASH_segment_start__) <= __FLASH_segment_size__)), error: .init is too large to fit in FLASH memory segment)
                0x00000000000273d0                __init_rodata_load_start__ = ALIGN (__init_end__, 0x4)

.init_rodata    0x00000000000273d0        0x0
                0x00000000000273d0                __init_rodata_start__ = .
 *(.init_rodata .init_rodata.*)
                0x00000000000273d0                __init_rodata_end__ = (__init_rodata_start__ + SIZEOF (.init_rodata))
                0x0000000000000000                __init_rodata_size__ = SIZEOF (.init_rodata)
                0x00000000000273d0                __init_rodata_load_end__ = __init_rodata_end__
                0x0000000000000001                . = ASSERT (((__init_rodata_start__ == __init_rodata_end__) || ((__init_rodata_end__ - __FLASH_segment_start__) <= __FLASH_segment_size__)), error: .init_rodata is too large to fit in FLASH memory segment)
                0x00000000000273d0                __text_load_start__ = ALIGN (__init_rodata_end__, 0x4)

.text           0x00000000000273d0     0x486e
                0x00000000000273d0                __text_start__ = .
 *(.text .text.* .glue_7t .glue_7 .gnu.linkonce.t.* .gcc_except_table .ARM.extab* .gnu.linkonce.armextab.*)
 .glue_7        0x00000000000273d0        0x0 linker stubs
 .glue_7t       0x00000000000273d0        0x0 linker stubs
 .text.nrf_log_backend_rtt_flush
                0x00000000000273d0        0x2 Output/ble_pwm_blinky_pca10056 Release/Obj/nrf_log_backend_rtt.o
 *fill*         0x00000000000273d2        0x2 
 .text.nrf_log_backend_rtt_put
                0x00000000000273d4       0x1c Output/ble_pwm_blinky_pca10056 Release/Obj/nrf_log_backend_rtt.o
 .text.serial_tx
                0x00000000000273f0       0x50 Output/ble_pwm_blinky_pca10056 Release/Obj/nrf_log_backend_rtt.o
 .text.nrf_log_backend_rtt_panic_set
                0x0000000000027440        0x2 Output/ble_pwm_blinky_pca10056 Release/Obj/nrf_log_backend_rtt.o
 .text.nrf_log_backend_rtt_init
                0x0000000000027442        0x4 Output/ble_pwm_blinky_pca10056 Release/Obj/nrf_log_backend_rtt.o
                0x0000000000027442                nrf_log_backend_rtt_init
 .text.nrf_log_backend_serial_put
                0x0000000000027446       0xc2 Output/ble_pwm_blinky_pca10056 Release/Obj/nrf_log_backend_serial.o
                0x0000000000027446                nrf_log_backend_serial_put
 .text.nrf_log_default_backends_init
                0x0000000000027508       0x20 Output/ble_pwm_blinky_pca10056 Release/Obj/nrf_log_default_backends.o
                0x0000000000027508                nrf_log_default_backends_init
 .text.invalid_packets_omit
                0x0000000000027528       0x3a Output/ble_pwm_blinky_pca10056 Release/Obj/nrf_log_frontend.o
 *fill*         0x0000000000027562        0x2 
 .text.buf_prealloc
                0x0000000000027564      0x138 Output/ble_pwm_blinky_pca10056 Release/Obj/nrf_log_frontend.o
 .text.nrf_log_init
                0x000000000002769c       0x3c Output/ble_pwm_blinky_pca10056 Release/Obj/nrf_log_frontend.o
                0x000000000002769c                nrf_log_init
 .text.nrf_log_module_name_get
                0x00000000000276d8       0x38 Output/ble_pwm_blinky_pca10056 Release/Obj/nrf_log_frontend.o
                0x00000000000276d8                nrf_log_module_name_get
 .text.nrf_log_color_id_get
                0x0000000000027710       0x2c Output/ble_pwm_blinky_pca10056 Release/Obj/nrf_log_frontend.o
                0x0000000000027710                nrf_log_color_id_get
 .text.buffer_is_empty
                0x000000000002773c       0x14 Output/ble_pwm_blinky_pca10056 Release/Obj/nrf_log_frontend.o
                0x000000000002773c                buffer_is_empty
 .text.nrf_log_frontend_dequeue
                0x0000000000027750      0x220 Output/ble_pwm_blinky_pca10056 Release/Obj/nrf_log_frontend.o
                0x0000000000027750                nrf_log_frontend_dequeue
 .text.std_n    0x0000000000027970       0x98 Output/ble_pwm_blinky_pca10056 Release/Obj/nrf_log_frontend.o
 .text.nrf_log_frontend_std_0
                0x0000000000027a08        0x8 Output/ble_pwm_blinky_pca10056 Release/Obj/nrf_log_frontend.o
                0x0000000000027a08                nrf_log_frontend_std_0
 .text.nrf_log_frontend_std_1
                0x0000000000027a10       0x12 Output/ble_pwm_blinky_pca10056 Release/Obj/nrf_log_frontend.o
                0x0000000000027a10                nrf_log_frontend_std_1
 .text.nrf_log_frontend_std_2
                0x0000000000027a22       0x14 Output/ble_pwm_blinky_pca10056 Release/Obj/nrf_log_frontend.o
                0x0000000000027a22                nrf_log_frontend_std_2
 *fill*         0x0000000000027a36        0x2 
 .text.nrf_log_frontend_hexdump
                0x0000000000027a38       0xbc Output/ble_pwm_blinky_pca10056 Release/Obj/nrf_log_frontend.o
                0x0000000000027a38                nrf_log_frontend_hexdump
 .text.nrf_log_backend_add
                0x0000000000027af4       0x44 Output/ble_pwm_blinky_pca10056 Release/Obj/nrf_log_frontend.o
                0x0000000000027af4                nrf_log_backend_add
 .text.nrf_log_panic
                0x0000000000027b38       0x2c Output/ble_pwm_blinky_pca10056 Release/Obj/nrf_log_frontend.o
                0x0000000000027b38                nrf_log_panic
 .text.postfix_process
                0x0000000000027b64       0x44 Output/ble_pwm_blinky_pca10056 Release/Obj/nrf_log_str_formatter.o
 .text.prefix_process
                0x0000000000027ba8       0x7c Output/ble_pwm_blinky_pca10056 Release/Obj/nrf_log_str_formatter.o
 .text.nrf_log_std_entry_process
                0x0000000000027c24       0xc8 Output/ble_pwm_blinky_pca10056 Release/Obj/nrf_log_str_formatter.o
                0x0000000000027c24                nrf_log_std_entry_process
 .text.nrf_log_hexdump_entry_process
                0x0000000000027cec       0xb8 Output/ble_pwm_blinky_pca10056 Release/Obj/nrf_log_str_formatter.o
                0x0000000000027cec                nrf_log_hexdump_entry_process
 .text.app_error_handler_bare
                0x0000000000027da4       0x1a Output/ble_pwm_blinky_pca10056 Release/Obj/app_error.o
                0x0000000000027da4                app_error_handler_bare
 *fill*         0x0000000000027dbe        0x2 
 .text.app_error_fault_handler
                0x0000000000027dc0       0x70 Output/ble_pwm_blinky_pca10056 Release/Obj/app_error_weak.o
                0x0000000000027dc0                app_error_fault_handler
 .text.compare_func
                0x0000000000027e30       0x16 Output/ble_pwm_blinky_pca10056 Release/Obj/app_timer2.o
 *fill*         0x0000000000027e46        0x2 
 .text.get_now  0x0000000000027e48       0x3c Output/ble_pwm_blinky_pca10056 Release/Obj/app_timer2.o
 .text.timer_req_schedule
                0x0000000000027e84       0x38 Output/ble_pwm_blinky_pca10056 Release/Obj/app_timer2.o
 .text.timer_expire
                0x0000000000027ebc       0x6c Output/ble_pwm_blinky_pca10056 Release/Obj/app_timer2.o
 .text.app_timer_init
                0x0000000000027f28       0x64 Output/ble_pwm_blinky_pca10056 Release/Obj/app_timer2.o
                0x0000000000027f28                app_timer_init
 .text.app_timer_create
                0x0000000000027f8c       0x16 Output/ble_pwm_blinky_pca10056 Release/Obj/app_timer2.o
                0x0000000000027f8c                app_timer_create
 .text.app_timer_start
                0x0000000000027fa2       0x30 Output/ble_pwm_blinky_pca10056 Release/Obj/app_timer2.o
                0x0000000000027fa2                app_timer_start
 .text.app_timer_stop
                0x0000000000027fd2        0xc Output/ble_pwm_blinky_pca10056 Release/Obj/app_timer2.o
                0x0000000000027fd2                app_timer_stop
 *fill*         0x0000000000027fde        0x2 
 .text.app_timer_cnt_get
                0x0000000000027fe0        0xc Output/ble_pwm_blinky_pca10056 Release/Obj/app_timer2.o
                0x0000000000027fe0                app_timer_cnt_get
 .text.rtc_irq  0x0000000000027fec      0x198 Output/ble_pwm_blinky_pca10056 Release/Obj/app_timer2.o
 .text.app_util_critical_region_enter
                0x0000000000028184       0x48 Output/ble_pwm_blinky_pca10056 Release/Obj/app_util_platform.o
                0x0000000000028184                app_util_critical_region_enter
 .text.app_util_critical_region_exit
                0x00000000000281cc       0x2c Output/ble_pwm_blinky_pca10056 Release/Obj/app_util_platform.o
                0x00000000000281cc                app_util_critical_region_exit
 .text.nrf_atomic_u32_fetch_store
                0x00000000000281f8       0x16 Output/ble_pwm_blinky_pca10056 Release/Obj/nrf_atomic.o
                0x00000000000281f8                nrf_atomic_u32_fetch_store
 .text.nrf_atomic_u32_or
                0x000000000002820e       0x18 Output/ble_pwm_blinky_pca10056 Release/Obj/nrf_atomic.o
                0x000000000002820e                nrf_atomic_u32_or
 .text.nrf_atomic_u32_fetch_and
                0x0000000000028226       0x18 Output/ble_pwm_blinky_pca10056 Release/Obj/nrf_atomic.o
                0x0000000000028226                nrf_atomic_u32_fetch_and
 .text.nrf_atomic_u32_and
                0x000000000002823e       0x18 Output/ble_pwm_blinky_pca10056 Release/Obj/nrf_atomic.o
                0x000000000002823e                nrf_atomic_u32_and
 .text.nrf_atomic_u32_add
                0x0000000000028256       0x18 Output/ble_pwm_blinky_pca10056 Release/Obj/nrf_atomic.o
                0x0000000000028256                nrf_atomic_u32_add
 .text.nrf_atomic_u32_sub
                0x000000000002826e       0x18 Output/ble_pwm_blinky_pca10056 Release/Obj/nrf_atomic.o
                0x000000000002826e                nrf_atomic_u32_sub
 .text.nrf_atomic_flag_set
                0x0000000000028286        0x6 Output/ble_pwm_blinky_pca10056 Release/Obj/nrf_atomic.o
                0x0000000000028286                nrf_atomic_flag_set
 .text.nrf_atomic_flag_clear_fetch
                0x000000000002828c        0x6 Output/ble_pwm_blinky_pca10056 Release/Obj/nrf_atomic.o
                0x000000000002828c                nrf_atomic_flag_clear_fetch
 .text.nrf_balloc_init
                0x0000000000028292       0x2e Output/ble_pwm_blinky_pca10056 Release/Obj/nrf_balloc.o
                0x0000000000028292                nrf_balloc_init
 .text.nrf_balloc_alloc
                0x00000000000282c0       0x48 Output/ble_pwm_blinky_pca10056 Release/Obj/nrf_balloc.o
                0x00000000000282c0                nrf_balloc_alloc
 .text.nrf_balloc_free
                0x0000000000028308       0x34 Output/ble_pwm_blinky_pca10056 Release/Obj/nrf_balloc.o
                0x0000000000028308                nrf_balloc_free
 .text.nrf_fprintf_buffer_flush
                0x000000000002833c       0x16 Output/ble_pwm_blinky_pca10056 Release/Obj/nrf_fprintf.o
                0x000000000002833c                nrf_fprintf_buffer_flush
 .text.nrf_fprintf
                0x0000000000028352       0x1c Output/ble_pwm_blinky_pca10056 Release/Obj/nrf_fprintf.o
                0x0000000000028352                nrf_fprintf
 .text.buffer_add
                0x000000000002836e       0x1e Output/ble_pwm_blinky_pca10056 Release/Obj/nrf_fprintf_format.o
 .text.unsigned_print
                0x000000000002838c       0xb4 Output/ble_pwm_blinky_pca10056 Release/Obj/nrf_fprintf_format.o
 .text.nrf_fprintf_fmt
                0x0000000000028440      0x29c Output/ble_pwm_blinky_pca10056 Release/Obj/nrf_fprintf_format.o
                0x0000000000028440                nrf_fprintf_fmt
 .text.nrf_atfifo_init
                0x00000000000286dc       0x26 Output/ble_pwm_blinky_pca10056 Release/Obj/nrf_atfifo.o
                0x00000000000286dc                nrf_atfifo_init
 .text.nrf_atfifo_item_alloc
                0x0000000000028702       0x54 Output/ble_pwm_blinky_pca10056 Release/Obj/nrf_atfifo.o
                0x0000000000028702                nrf_atfifo_item_alloc
 .text.nrf_atfifo_item_put
                0x0000000000028756       0x20 Output/ble_pwm_blinky_pca10056 Release/Obj/nrf_atfifo.o
                0x0000000000028756                nrf_atfifo_item_put
 .text.nrf_atfifo_item_get
                0x0000000000028776       0x56 Output/ble_pwm_blinky_pca10056 Release/Obj/nrf_atfifo.o
                0x0000000000028776                nrf_atfifo_item_get
 .text.nrf_atfifo_item_free
                0x00000000000287cc       0x20 Output/ble_pwm_blinky_pca10056 Release/Obj/nrf_atfifo.o
                0x00000000000287cc                nrf_atfifo_item_free
 .text.nrf_atflags_set
                0x00000000000287ec       0x12 Output/ble_pwm_blinky_pca10056 Release/Obj/nrf_atflags.o
                0x00000000000287ec                nrf_atflags_set
 .text.nrf_atflags_clear
                0x00000000000287fe       0x14 Output/ble_pwm_blinky_pca10056 Release/Obj/nrf_atflags.o
                0x00000000000287fe                nrf_atflags_clear
 .text.nrf_atflags_get
                0x0000000000028812       0x12 Output/ble_pwm_blinky_pca10056 Release/Obj/nrf_atflags.o
                0x0000000000028812                nrf_atflags_get
 .text.memobj_op
                0x0000000000028824       0x86 Output/ble_pwm_blinky_pca10056 Release/Obj/nrf_memobj.o
 .text.nrf_memobj_pool_init
                0x00000000000288aa        0x4 Output/ble_pwm_blinky_pca10056 Release/Obj/nrf_memobj.o
                0x00000000000288aa                nrf_memobj_pool_init
 .text.nrf_memobj_free
                0x00000000000288ae       0x2c Output/ble_pwm_blinky_pca10056 Release/Obj/nrf_memobj.o
                0x00000000000288ae                nrf_memobj_free
 .text.nrf_memobj_alloc
                0x00000000000288da       0x5e Output/ble_pwm_blinky_pca10056 Release/Obj/nrf_memobj.o
                0x00000000000288da                nrf_memobj_alloc
 .text.nrf_memobj_get
                0x0000000000028938        0x8 Output/ble_pwm_blinky_pca10056 Release/Obj/nrf_memobj.o
                0x0000000000028938                nrf_memobj_get
 .text.nrf_memobj_put
                0x0000000000028940       0x1e Output/ble_pwm_blinky_pca10056 Release/Obj/nrf_memobj.o
                0x0000000000028940                nrf_memobj_put
 .text.nrf_memobj_write
                0x000000000002895e       0x14 Output/ble_pwm_blinky_pca10056 Release/Obj/nrf_memobj.o
                0x000000000002895e                nrf_memobj_write
 .text.nrf_memobj_read
                0x0000000000028972       0x14 Output/ble_pwm_blinky_pca10056 Release/Obj/nrf_memobj.o
                0x0000000000028972                nrf_memobj_read
 .text.nrf_ringbuf_init
                0x0000000000028986       0x12 Output/ble_pwm_blinky_pca10056 Release/Obj/nrf_ringbuf.o
                0x0000000000028986                nrf_ringbuf_init
 .text.nrf_strerror_find
                0x0000000000028998       0x3c Output/ble_pwm_blinky_pca10056 Release/Obj/nrf_strerror.o
                0x0000000000028998                nrf_strerror_find
 .text.nrf_strerror_get
                0x00000000000289d4       0x14 Output/ble_pwm_blinky_pca10056 Release/Obj/nrf_strerror.o
                0x00000000000289d4                nrf_strerror_get
 .text.pwm_dealloc
                0x00000000000289e8       0x58 Output/ble_pwm_blinky_pca10056 Release/Obj/app_pwm.o
 .text.pwm_ready_tick
                0x0000000000028a40       0x5c Output/ble_pwm_blinky_pca10056 Release/Obj/app_pwm.o
                0x0000000000028a40                pwm_ready_tick
 .text.app_pwm_busy_check
                0x0000000000028a9c       0x3c Output/ble_pwm_blinky_pca10056 Release/Obj/app_pwm.o
                0x0000000000028a9c                app_pwm_busy_check
 .text.app_pwm_channel_duty_ticks_set
                0x0000000000028ad8      0x15c Output/ble_pwm_blinky_pca10056 Release/Obj/app_pwm.o
                0x0000000000028ad8                app_pwm_channel_duty_ticks_set
 .text.app_pwm_channel_duty_set
                0x0000000000028c34       0x12 Output/ble_pwm_blinky_pca10056 Release/Obj/app_pwm.o
                0x0000000000028c34                app_pwm_channel_duty_set
 *fill*         0x0000000000028c46        0x2 
 .text.app_pwm_init
                0x0000000000028c48      0x2c8 Output/ble_pwm_blinky_pca10056 Release/Obj/app_pwm.o
                0x0000000000028c48                app_pwm_init
 .text.app_pwm_enable
                0x0000000000028f10       0x74 Output/ble_pwm_blinky_pca10056 Release/Obj/app_pwm.o
                0x0000000000028f10                app_pwm_enable
 .text.evt_pending.isra.0
                0x0000000000028f84       0x1a Output/ble_pwm_blinky_pca10056 Release/Obj/drv_rtc.o
 *fill*         0x0000000000028f9e        0x2 
 .text.drv_rtc_init
                0x0000000000028fa0       0xac Output/ble_pwm_blinky_pca10056 Release/Obj/drv_rtc.o
                0x0000000000028fa0                drv_rtc_init
 .text.drv_rtc_start
                0x000000000002904c        0x8 Output/ble_pwm_blinky_pca10056 Release/Obj/drv_rtc.o
                0x000000000002904c                drv_rtc_start
 .text.drv_rtc_stop
                0x0000000000029054        0x8 Output/ble_pwm_blinky_pca10056 Release/Obj/drv_rtc.o
                0x0000000000029054                drv_rtc_stop
 .text.drv_rtc_compare_set
                0x000000000002905c       0x3e Output/ble_pwm_blinky_pca10056 Release/Obj/drv_rtc.o
                0x000000000002905c                drv_rtc_compare_set
 *fill*         0x000000000002909a        0x2 
 .text.drv_rtc_windowed_compare_set
                0x000000000002909c       0xf0 Output/ble_pwm_blinky_pca10056 Release/Obj/drv_rtc.o
                0x000000000002909c                drv_rtc_windowed_compare_set
 .text.drv_rtc_overflow_enable
                0x000000000002918c       0x10 Output/ble_pwm_blinky_pca10056 Release/Obj/drv_rtc.o
                0x000000000002918c                drv_rtc_overflow_enable
 .text.drv_rtc_overflow_pending
                0x000000000002919c        0xa Output/ble_pwm_blinky_pca10056 Release/Obj/drv_rtc.o
                0x000000000002919c                drv_rtc_overflow_pending
 .text.drv_rtc_compare_disable
                0x00000000000291a6       0x14 Output/ble_pwm_blinky_pca10056 Release/Obj/drv_rtc.o
                0x00000000000291a6                drv_rtc_compare_disable
 .text.drv_rtc_compare_pending
                0x00000000000291ba        0xc Output/ble_pwm_blinky_pca10056 Release/Obj/drv_rtc.o
                0x00000000000291ba                drv_rtc_compare_pending
 .text.drv_rtc_counter_get
                0x00000000000291c6        0x8 Output/ble_pwm_blinky_pca10056 Release/Obj/drv_rtc.o
                0x00000000000291c6                drv_rtc_counter_get
 *fill*         0x00000000000291ce        0x2 
 .text.drv_rtc_irq_trigger
                0x00000000000291d0       0x20 Output/ble_pwm_blinky_pca10056 Release/Obj/drv_rtc.o
                0x00000000000291d0                drv_rtc_irq_trigger
 .text.RTC1_IRQHandler
                0x00000000000291f0       0x14 Output/ble_pwm_blinky_pca10056 Release/Obj/drv_rtc.o
                0x00000000000291f0                RTC1_IRQHandler
 .text.nrf_section_iter_init
                0x0000000000029204       0x14 Output/ble_pwm_blinky_pca10056 Release/Obj/nrf_section_iter.o
                0x0000000000029204                nrf_section_iter_init
 .text.nrf_section_iter_next
                0x0000000000029218       0x18 Output/ble_pwm_blinky_pca10056 Release/Obj/nrf_section_iter.o
                0x0000000000029218                nrf_section_iter_next
 .text.nrf_sortlist_add
                0x0000000000029230       0x20 Output/ble_pwm_blinky_pca10056 Release/Obj/nrf_sortlist.o
                0x0000000000029230                nrf_sortlist_add
 .text.nrf_sortlist_pop
                0x0000000000029250        0xc Output/ble_pwm_blinky_pca10056 Release/Obj/nrf_sortlist.o
                0x0000000000029250                nrf_sortlist_pop
 .text.nrf_sortlist_peek
                0x000000000002925c        0x6 Output/ble_pwm_blinky_pca10056 Release/Obj/nrf_sortlist.o
                0x000000000002925c                nrf_sortlist_peek
 .text.nrf_sortlist_remove
                0x0000000000029262       0x1a Output/ble_pwm_blinky_pca10056 Release/Obj/nrf_sortlist.o
                0x0000000000029262                nrf_sortlist_remove
 .text.nrf_pwr_mgmt_init
                0x000000000002927c       0x2c Output/ble_pwm_blinky_pca10056 Release/Obj/nrf_pwr_mgmt.o
                0x000000000002927c                nrf_pwr_mgmt_init
 .text.nrf_drv_ppi_init
                0x00000000000292a8       0x14 Output/ble_pwm_blinky_pca10056 Release/Obj/nrf_drv_ppi.o
                0x00000000000292a8                nrf_drv_ppi_init
 .text.nrf_gpiote_event_clear
                0x00000000000292bc       0x18 Output/ble_pwm_blinky_pca10056 Release/Obj/nrfx_gpiote.o
 .text.nrf_gpio_pin_port_decode
                0x00000000000292d4       0x18 Output/ble_pwm_blinky_pca10056 Release/Obj/nrfx_gpiote.o
 .text.nrf_gpio_cfg_sense_set
                0x00000000000292ec       0x2e Output/ble_pwm_blinky_pca10056 Release/Obj/nrfx_gpiote.o
 *fill*         0x000000000002931a        0x2 
 .text.channel_free
                0x000000000002931c       0x1c Output/ble_pwm_blinky_pca10056 Release/Obj/nrfx_gpiote.o
 .text.nrfx_gpiote_init
                0x0000000000029338       0x70 Output/ble_pwm_blinky_pca10056 Release/Obj/nrfx_gpiote.o
                0x0000000000029338                nrfx_gpiote_init
 .text.nrfx_gpiote_is_init
                0x00000000000293a8       0x14 Output/ble_pwm_blinky_pca10056 Release/Obj/nrfx_gpiote.o
                0x00000000000293a8                nrfx_gpiote_is_init
 .text.nrfx_gpiote_out_init
                0x00000000000293bc       0xe0 Output/ble_pwm_blinky_pca10056 Release/Obj/nrfx_gpiote.o
                0x00000000000293bc                nrfx_gpiote_out_init
 .text.nrfx_gpiote_out_uninit
                0x000000000002949c       0x6c Output/ble_pwm_blinky_pca10056 Release/Obj/nrfx_gpiote.o
                0x000000000002949c                nrfx_gpiote_out_uninit
 .text.nrfx_gpiote_out_task_enable
                0x0000000000029508       0x24 Output/ble_pwm_blinky_pca10056 Release/Obj/nrfx_gpiote.o
                0x0000000000029508                nrfx_gpiote_out_task_enable
 .text.nrfx_gpiote_set_task_addr_get
                0x000000000002952c       0x1c Output/ble_pwm_blinky_pca10056 Release/Obj/nrfx_gpiote.o
                0x000000000002952c                nrfx_gpiote_set_task_addr_get
 .text.nrfx_gpiote_clr_task_addr_get
                0x0000000000029548       0x1c Output/ble_pwm_blinky_pca10056 Release/Obj/nrfx_gpiote.o
                0x0000000000029548                nrfx_gpiote_clr_task_addr_get
 .text.nrfx_gpiote_out_task_force
                0x0000000000029564       0x30 Output/ble_pwm_blinky_pca10056 Release/Obj/nrfx_gpiote.o
                0x0000000000029564                nrfx_gpiote_out_task_force
 .text.GPIOTE_IRQHandler
                0x0000000000029594      0x1ac Output/ble_pwm_blinky_pca10056 Release/Obj/nrfx_gpiote.o
                0x0000000000029594                GPIOTE_IRQHandler
 .text.nrfx_ppi_channel_alloc
                0x0000000000029740       0x68 Output/ble_pwm_blinky_pca10056 Release/Obj/nrfx_ppi.o
                0x0000000000029740                nrfx_ppi_channel_alloc
 .text.nrfx_ppi_channel_free
                0x00000000000297a8       0x48 Output/ble_pwm_blinky_pca10056 Release/Obj/nrfx_ppi.o
                0x00000000000297a8                nrfx_ppi_channel_free
 .text.nrfx_ppi_channel_assign
                0x00000000000297f0       0x40 Output/ble_pwm_blinky_pca10056 Release/Obj/nrfx_ppi.o
                0x00000000000297f0                nrfx_ppi_channel_assign
 .text.nrfx_ppi_channel_enable
                0x0000000000029830       0x30 Output/ble_pwm_blinky_pca10056 Release/Obj/nrfx_ppi.o
                0x0000000000029830                nrfx_ppi_channel_enable
 .text.nrfx_ppi_channel_disable
                0x0000000000029860       0x30 Output/ble_pwm_blinky_pca10056 Release/Obj/nrfx_ppi.o
                0x0000000000029860                nrfx_ppi_channel_disable
 .text.irq_handler.constprop.0
                0x0000000000029890       0x4c Output/ble_pwm_blinky_pca10056 Release/Obj/nrfx_timer.o
 .text.nrfx_timer_init
                0x00000000000298dc       0xd0 Output/ble_pwm_blinky_pca10056 Release/Obj/nrfx_timer.o
                0x00000000000298dc                nrfx_timer_init
 .text.nrfx_timer_enable
                0x00000000000299ac       0x1c Output/ble_pwm_blinky_pca10056 Release/Obj/nrfx_timer.o
                0x00000000000299ac                nrfx_timer_enable
 .text.nrfx_timer_disable
                0x00000000000299c8       0x18 Output/ble_pwm_blinky_pca10056 Release/Obj/nrfx_timer.o
                0x00000000000299c8                nrfx_timer_disable
 .text.nrfx_timer_uninit
                0x00000000000299e0       0x48 Output/ble_pwm_blinky_pca10056 Release/Obj/nrfx_timer.o
                0x00000000000299e0                nrfx_timer_uninit
 .text.nrfx_timer_clear
                0x0000000000029a28        0x8 Output/ble_pwm_blinky_pca10056 Release/Obj/nrfx_timer.o
                0x0000000000029a28                nrfx_timer_clear
 .text.nrfx_timer_compare
                0x0000000000029a30       0x32 Output/ble_pwm_blinky_pca10056 Release/Obj/nrfx_timer.o
                0x0000000000029a30                nrfx_timer_compare
 .text.nrfx_timer_extended_compare
                0x0000000000029a62       0x2a Output/ble_pwm_blinky_pca10056 Release/Obj/nrfx_timer.o
                0x0000000000029a62                nrfx_timer_extended_compare
 .text.nrfx_timer_compare_int_enable
                0x0000000000029a8c       0x26 Output/ble_pwm_blinky_pca10056 Release/Obj/nrfx_timer.o
                0x0000000000029a8c                nrfx_timer_compare_int_enable
 .text.nrfx_timer_compare_int_disable
                0x0000000000029ab2       0x10 Output/ble_pwm_blinky_pca10056 Release/Obj/nrfx_timer.o
                0x0000000000029ab2                nrfx_timer_compare_int_disable
 *fill*         0x0000000000029ac2        0x2 
 .text.TIMER0_IRQHandler
                0x0000000000029ac4       0x10 Output/ble_pwm_blinky_pca10056 Release/Obj/nrfx_timer.o
                0x0000000000029ac4                TIMER0_IRQHandler
 .text.TIMER1_IRQHandler
                0x0000000000029ad4       0x10 Output/ble_pwm_blinky_pca10056 Release/Obj/nrfx_timer.o
                0x0000000000029ad4                TIMER1_IRQHandler
 .text._GetAvailWriteSpace
                0x0000000000029ae4       0x1c Output/ble_pwm_blinky_pca10056 Release/Obj/SEGGER_RTT.o
 .text._WriteNoCheck
                0x0000000000029b00       0x38 Output/ble_pwm_blinky_pca10056 Release/Obj/SEGGER_RTT.o
 .text._WriteBlocking
                0x0000000000029b38       0x52 Output/ble_pwm_blinky_pca10056 Release/Obj/SEGGER_RTT.o
 *fill*         0x0000000000029b8a        0x2 
 .text._DoInit  0x0000000000029b8c       0x60 Output/ble_pwm_blinky_pca10056 Release/Obj/SEGGER_RTT.o
 .text.SEGGER_RTT_WriteNoLock
                0x0000000000029bec       0x68 Output/ble_pwm_blinky_pca10056 Release/Obj/SEGGER_RTT.o
                0x0000000000029bec                SEGGER_RTT_WriteNoLock
 .text.SEGGER_RTT_Init
                0x0000000000029c54        0x4 Output/ble_pwm_blinky_pca10056 Release/Obj/SEGGER_RTT.o
                0x0000000000029c54                SEGGER_RTT_Init
 .text.sd_ble_gap_addr_get
                0x0000000000029c58        0x4 Output/ble_pwm_blinky_pca10056 Release/Obj/ble_advdata.o
 .text.sd_ble_gap_appearance_get
                0x0000000000029c5c        0x4 Output/ble_pwm_blinky_pca10056 Release/Obj/ble_advdata.o
 .text.sd_ble_gap_device_name_get
                0x0000000000029c60        0x4 Output/ble_pwm_blinky_pca10056 Release/Obj/ble_advdata.o
 .text.sd_ble_uuid_encode
                0x0000000000029c64        0x4 Output/ble_pwm_blinky_pca10056 Release/Obj/ble_advdata.o
 .text.uuid_list_sized_encode
                0x0000000000029c68       0xac Output/ble_pwm_blinky_pca10056 Release/Obj/ble_advdata.o
 .text.uuid_list_encode
                0x0000000000029d14       0x38 Output/ble_pwm_blinky_pca10056 Release/Obj/ble_advdata.o
 .text.ble_advdata_encode
                0x0000000000029d4c      0x394 Output/ble_pwm_blinky_pca10056 Release/Obj/ble_advdata.o
                0x0000000000029d4c                ble_advdata_encode
 .text.ble_advdata_search
                0x000000000002a0e0       0x42 Output/ble_pwm_blinky_pca10056 Release/Obj/ble_advdata.o
                0x000000000002a0e0                ble_advdata_search
 .text.ble_advdata_parse
                0x000000000002a122       0x20 Output/ble_pwm_blinky_pca10056 Release/Obj/ble_advdata.o
                0x000000000002a122                ble_advdata_parse
 .text.sd_ble_gap_adv_set_configure
                0x000000000002a142        0x4 Output/ble_pwm_blinky_pca10056 Release/Obj/ble_advertising.o
 .text.sd_ble_gap_adv_start
                0x000000000002a146        0x4 Output/ble_pwm_blinky_pca10056 Release/Obj/ble_advertising.o
 .text.flags_set
                0x000000000002a14a       0x2c Output/ble_pwm_blinky_pca10056 Release/Obj/ble_advertising.o
 .text.ble_advertising_conn_cfg_tag_set
                0x000000000002a176        0x6 Output/ble_pwm_blinky_pca10056 Release/Obj/ble_advertising.o
                0x000000000002a176                ble_advertising_conn_cfg_tag_set
 .text.ble_advertising_init
                0x000000000002a17c       0xee Output/ble_pwm_blinky_pca10056 Release/Obj/ble_advertising.o
                0x000000000002a17c                ble_advertising_init
 .text.ble_advertising_start
                0x000000000002a26a      0x224 Output/ble_pwm_blinky_pca10056 Release/Obj/ble_advertising.o
                0x000000000002a26a                ble_advertising_start
 .text.ble_advertising_on_ble_evt
                0x000000000002a48e       0x6a Output/ble_pwm_blinky_pca10056 Release/Obj/ble_advertising.o
                0x000000000002a48e                ble_advertising_on_ble_evt
 .text.sd_ble_gap_conn_param_update
                0x000000000002a4f8        0x4 Output/ble_pwm_blinky_pca10056 Release/Obj/ble_conn_params.o
 .text.sd_ble_gap_disconnect
                0x000000000002a4fc        0x4 Output/ble_pwm_blinky_pca10056 Release/Obj/ble_conn_params.o
 .text.sd_ble_gap_ppcp_set
                0x000000000002a500        0x4 Output/ble_pwm_blinky_pca10056 Release/Obj/ble_conn_params.o
 .text.sd_ble_gap_ppcp_get
                0x000000000002a504        0x4 Output/ble_pwm_blinky_pca10056 Release/Obj/ble_conn_params.o
 .text.instance_get
                0x000000000002a508       0x14 Output/ble_pwm_blinky_pca10056 Release/Obj/ble_conn_params.o
 .text.send_error_evt
                0x000000000002a51c       0x10 Output/ble_pwm_blinky_pca10056 Release/Obj/ble_conn_params.o
 .text.update_timeout_handler
                0x000000000002a52c       0x6c Output/ble_pwm_blinky_pca10056 Release/Obj/ble_conn_params.o
 .text.conn_params_negotiation
                0x000000000002a598       0x48 Output/ble_pwm_blinky_pca10056 Release/Obj/ble_conn_params.o
 .text.is_conn_params_ok.constprop.0
                0x000000000002a5e0       0x34 Output/ble_pwm_blinky_pca10056 Release/Obj/ble_conn_params.o
 .text.ble_evt_handler
                0x000000000002a614       0xe0 Output/ble_pwm_blinky_pca10056 Release/Obj/ble_conn_params.o
 .text.ble_conn_params_init
                0x000000000002a6f4       0x74 Output/ble_pwm_blinky_pca10056 Release/Obj/ble_conn_params.o
                0x000000000002a6f4                ble_conn_params_init
 .text.flag_toggle
                0x000000000002a768        0xa Output/ble_pwm_blinky_pca10056 Release/Obj/ble_conn_state.o
 .text.conn_handle_list_get
                0x000000000002a772       0x2e Output/ble_pwm_blinky_pca10056 Release/Obj/ble_conn_state.o
                0x000000000002a772                conn_handle_list_get
 .text.ble_evt_handler
                0x000000000002a7a0      0x104 Output/ble_pwm_blinky_pca10056 Release/Obj/ble_conn_state.o
 .text.ble_conn_state_valid
                0x000000000002a8a4       0x14 Output/ble_pwm_blinky_pca10056 Release/Obj/ble_conn_state.o
                0x000000000002a8a4                ble_conn_state_valid
 .text.ble_conn_state_conn_idx
                0x000000000002a8b8       0x12 Output/ble_pwm_blinky_pca10056 Release/Obj/ble_conn_state.o
                0x000000000002a8b8                ble_conn_state_conn_idx
 .text.blcm_link_ctx_get
                0x000000000002a8ca       0x4e Output/ble_pwm_blinky_pca10056 Release/Obj/ble_link_ctx_manager.o
                0x000000000002a8ca                blcm_link_ctx_get
 .text.sd_ble_gatts_characteristic_add
                0x000000000002a918        0x4 Output/ble_pwm_blinky_pca10056 Release/Obj/ble_srv_common.o
 .text.set_security_req
                0x000000000002a91c       0x2a Output/ble_pwm_blinky_pca10056 Release/Obj/ble_srv_common.o
 .text.ble_srv_is_notification_enabled
                0x000000000002a946        0x8 Output/ble_pwm_blinky_pca10056 Release/Obj/ble_srv_common.o
                0x000000000002a946                ble_srv_is_notification_enabled
 .text.characteristic_add
                0x000000000002a94e      0x154 Output/ble_pwm_blinky_pca10056 Release/Obj/ble_srv_common.o
                0x000000000002a94e                characteristic_add
 .text.sd_ble_gap_data_length_update
                0x000000000002aaa2        0x4 Output/ble_pwm_blinky_pca10056 Release/Obj/nrf_ble_gatt.o
 .text.sd_ble_gattc_exchange_mtu_request
                0x000000000002aaa6        0x4 Output/ble_pwm_blinky_pca10056 Release/Obj/nrf_ble_gatt.o
 .text.sd_ble_gatts_exchange_mtu_reply
                0x000000000002aaaa        0x4 Output/ble_pwm_blinky_pca10056 Release/Obj/nrf_ble_gatt.o
 *fill*         0x000000000002aaae        0x2 
 .text.data_length_update
                0x000000000002aab0       0x80 Output/ble_pwm_blinky_pca10056 Release/Obj/nrf_ble_gatt.o
 .text.nrf_ble_gatt_init
                0x000000000002ab30       0x28 Output/ble_pwm_blinky_pca10056 Release/Obj/nrf_ble_gatt.o
                0x000000000002ab30                nrf_ble_gatt_init
 .text.nrf_ble_gatt_att_mtu_periph_set
                0x000000000002ab58       0x18 Output/ble_pwm_blinky_pca10056 Release/Obj/nrf_ble_gatt.o
                0x000000000002ab58                nrf_ble_gatt_att_mtu_periph_set
 .text.nrf_ble_gatt_on_ble_evt
                0x000000000002ab70      0x198 Output/ble_pwm_blinky_pca10056 Release/Obj/nrf_ble_gatt.o
                0x000000000002ab70                nrf_ble_gatt_on_ble_evt
 .text.sd_ble_gatts_rw_authorize_reply
                0x000000000002ad08        0x4 Output/ble_pwm_blinky_pca10056 Release/Obj/nrf_ble_qwr.o
 .text.sd_ble_user_mem_reply
                0x000000000002ad0c        0x4 Output/ble_pwm_blinky_pca10056 Release/Obj/nrf_ble_qwr.o
 .text.user_mem_reply.part.0
                0x000000000002ad10       0x24 Output/ble_pwm_blinky_pca10056 Release/Obj/nrf_ble_qwr.o
 .text.nrf_ble_qwr_init
                0x000000000002ad34       0x24 Output/ble_pwm_blinky_pca10056 Release/Obj/nrf_ble_qwr.o
                0x000000000002ad34                nrf_ble_qwr_init
 .text.nrf_ble_qwr_conn_handle_assign
                0x000000000002ad58       0x16 Output/ble_pwm_blinky_pca10056 Release/Obj/nrf_ble_qwr.o
                0x000000000002ad58                nrf_ble_qwr_conn_handle_assign
 .text.nrf_ble_qwr_on_ble_evt
                0x000000000002ad6e       0xa0 Output/ble_pwm_blinky_pca10056 Release/Obj/nrf_ble_qwr.o
                0x000000000002ad6e                nrf_ble_qwr_on_ble_evt
 .text.sd_ble_gatts_service_add
                0x000000000002ae0e        0x4 Output/ble_pwm_blinky_pca10056 Release/Obj/ble_nus.o
 .text.sd_ble_gatts_value_get
                0x000000000002ae12        0x4 Output/ble_pwm_blinky_pca10056 Release/Obj/ble_nus.o
 .text.sd_ble_uuid_vs_add
                0x000000000002ae16        0x4 Output/ble_pwm_blinky_pca10056 Release/Obj/ble_nus.o
 .text.ble_nus_on_ble_evt
                0x000000000002ae1a      0x132 Output/ble_pwm_blinky_pca10056 Release/Obj/ble_nus.o
                0x000000000002ae1a                ble_nus_on_ble_evt
 .text.ble_nus_init
                0x000000000002af4c       0xf4 Output/ble_pwm_blinky_pca10056 Release/Obj/ble_nus.o
                0x000000000002af4c                ble_nus_init
 .text.sd_softdevice_enable
                0x000000000002b040        0x4 Output/ble_pwm_blinky_pca10056 Release/Obj/nrf_sdh.o
 .text.sdh_request_observer_notify
                0x000000000002b044       0x30 Output/ble_pwm_blinky_pca10056 Release/Obj/nrf_sdh.o
 .text.sdh_state_observer_notify
                0x000000000002b074       0x28 Output/ble_pwm_blinky_pca10056 Release/Obj/nrf_sdh.o
 .text.softdevices_evt_irq_enable
                0x000000000002b09c       0x38 Output/ble_pwm_blinky_pca10056 Release/Obj/nrf_sdh.o
 .text.nrf_sdh_enable_request
                0x000000000002b0d4       0x7c Output/ble_pwm_blinky_pca10056 Release/Obj/nrf_sdh.o
                0x000000000002b0d4                nrf_sdh_enable_request
 .text.nrf_sdh_evts_poll
                0x000000000002b150       0x28 Output/ble_pwm_blinky_pca10056 Release/Obj/nrf_sdh.o
                0x000000000002b150                nrf_sdh_evts_poll
 .text.SWI2_EGU2_IRQHandler
                0x000000000002b178        0x4 Output/ble_pwm_blinky_pca10056 Release/Obj/nrf_sdh.o
                0x000000000002b178                SWI2_EGU2_IRQHandler
 .text.sd_ble_enable
                0x000000000002b17c        0x4 Output/ble_pwm_blinky_pca10056 Release/Obj/nrf_sdh_ble.o
 .text.sd_ble_cfg_set
                0x000000000002b180        0x4 Output/ble_pwm_blinky_pca10056 Release/Obj/nrf_sdh_ble.o
 .text.sd_ble_evt_get
                0x000000000002b184        0x4 Output/ble_pwm_blinky_pca10056 Release/Obj/nrf_sdh_ble.o
 .text.nrf_sdh_ble_evts_poll.part.0
                0x000000000002b188       0x4c Output/ble_pwm_blinky_pca10056 Release/Obj/nrf_sdh_ble.o
 .text.nrf_sdh_ble_evts_poll
                0x000000000002b1d4       0x10 Output/ble_pwm_blinky_pca10056 Release/Obj/nrf_sdh_ble.o
 .text.nrf_sdh_ble_default_cfg_set
                0x000000000002b1e4      0x1a0 Output/ble_pwm_blinky_pca10056 Release/Obj/nrf_sdh_ble.o
                0x000000000002b1e4                nrf_sdh_ble_default_cfg_set
 .text.nrf_sdh_ble_enable
                0x000000000002b384       0x98 Output/ble_pwm_blinky_pca10056 Release/Obj/nrf_sdh_ble.o
                0x000000000002b384                nrf_sdh_ble_enable
 .text.sd_evt_get
                0x000000000002b41c        0x4 Output/ble_pwm_blinky_pca10056 Release/Obj/nrf_sdh_soc.o
 .text.nrf_sdh_soc_evts_poll
                0x000000000002b420       0x3c Output/ble_pwm_blinky_pca10056 Release/Obj/nrf_sdh_soc.o
 .text.sd_power_system_off
                0x000000000002b45c        0x4 Output/ble_pwm_blinky_pca10056 Release/Obj/main.o
 .text.sd_ble_gap_disconnect
                0x000000000002b460        0x4 Output/ble_pwm_blinky_pca10056 Release/Obj/main.o
 .text.sd_ble_gap_ppcp_set
                0x000000000002b464        0x4 Output/ble_pwm_blinky_pca10056 Release/Obj/main.o
 .text.sd_ble_gap_device_name_set
                0x000000000002b468        0x4 Output/ble_pwm_blinky_pca10056 Release/Obj/main.o
 .text.sd_ble_gap_sec_params_reply
                0x000000000002b46c        0x4 Output/ble_pwm_blinky_pca10056 Release/Obj/main.o
 .text.sd_ble_gap_phy_update
                0x000000000002b470        0x4 Output/ble_pwm_blinky_pca10056 Release/Obj/main.o
 .text.sd_ble_gatts_sys_attr_set
                0x000000000002b474        0x4 Output/ble_pwm_blinky_pca10056 Release/Obj/main.o
 .text.pwm_ready_callback
                0x000000000002b478        0x2 Output/ble_pwm_blinky_pca10056 Release/Obj/main.o
                0x000000000002b478                pwm_ready_callback
 *fill*         0x000000000002b47a        0x2 
 .text.gatt_evt_handler
                0x000000000002b47c       0x5c Output/ble_pwm_blinky_pca10056 Release/Obj/main.o
                0x000000000002b47c                gatt_evt_handler
 .text.nrf_qwr_error_handler
                0x000000000002b4d8        0x4 Output/ble_pwm_blinky_pca10056 Release/Obj/main.o
 .text.on_adv_evt
                0x000000000002b4dc       0x14 Output/ble_pwm_blinky_pca10056 Release/Obj/main.o
 .text.ble_evt_handler
                0x000000000002b4f0       0xdc Output/ble_pwm_blinky_pca10056 Release/Obj/main.o
 .text.nus_data_handler
                0x000000000002b5cc       0x4c Output/ble_pwm_blinky_pca10056 Release/Obj/main.o
 .text.on_conn_params_evt
                0x000000000002b618       0x20 Output/ble_pwm_blinky_pca10056 Release/Obj/main.o
 .text.conn_params_error_handler
                0x000000000002b638        0x4 Output/ble_pwm_blinky_pca10056 Release/Obj/main.o
 .text.gatt_init
                0x000000000002b63c       0x2c Output/ble_pwm_blinky_pca10056 Release/Obj/main.o
                0x000000000002b63c                gatt_init
 .text.startup.main
                0x000000000002b668      0x1e8 Output/ble_pwm_blinky_pca10056 Release/Obj/main.o
                0x000000000002b668                main
 .text.errata_98
                0x000000000002b850       0x20 Output/ble_pwm_blinky_pca10056 Release/Obj/system_nrf52840.o
 .text.SystemInit
                0x000000000002b870      0x1b8 Output/ble_pwm_blinky_pca10056 Release/Obj/system_nrf52840.o
                0x000000000002b870                SystemInit
 .text.libc.__RAL_ascii_isctype
                0x000000000002ba28       0x1c /big/project-storage/nordic-tools/nrf5-sdk-ses/segger_embedded_studio_for_arm_4.52c/lib/libc_v7em_fpv4_sp_d16_hard_t_le_eabi.a(libc2.o)
 .text.libc.__RAL_ascii_toupper
                0x000000000002ba44        0xc /big/project-storage/nordic-tools/nrf5-sdk-ses/segger_embedded_studio_for_arm_4.52c/lib/libc_v7em_fpv4_sp_d16_hard_t_le_eabi.a(libc2.o)
 .text.libc.__RAL_ascii_tolower
                0x000000000002ba50        0xc /big/project-storage/nordic-tools/nrf5-sdk-ses/segger_embedded_studio_for_arm_4.52c/lib/libc_v7em_fpv4_sp_d16_hard_t_le_eabi.a(libc2.o)
 .text.libc.__RAL_ascii_iswctype
                0x000000000002ba5c       0x1c /big/project-storage/nordic-tools/nrf5-sdk-ses/segger_embedded_studio_for_arm_4.52c/lib/libc_v7em_fpv4_sp_d16_hard_t_le_eabi.a(libc2.o)
 .text.libc.__RAL_ascii_towupper
                0x000000000002ba78        0xc /big/project-storage/nordic-tools/nrf5-sdk-ses/segger_embedded_studio_for_arm_4.52c/lib/libc_v7em_fpv4_sp_d16_hard_t_le_eabi.a(libc2.o)
 .text.libc.__RAL_ascii_towlower
                0x000000000002ba84        0xc /big/project-storage/nordic-tools/nrf5-sdk-ses/segger_embedded_studio_for_arm_4.52c/lib/libc_v7em_fpv4_sp_d16_hard_t_le_eabi.a(libc2.o)
 .text.libc.__RAL_ascii_wctomb
                0x000000000002ba90        0xe /big/project-storage/nordic-tools/nrf5-sdk-ses/segger_embedded_studio_for_arm_4.52c/lib/libc_v7em_fpv4_sp_d16_hard_t_le_eabi.a(libc2.o)
                0x000000000002ba90                __RAL_ascii_wctomb
 .text.libc.__RAL_ascii_mbtowc
                0x000000000002ba9e       0x24 /big/project-storage/nordic-tools/nrf5-sdk-ses/segger_embedded_studio_for_arm_4.52c/lib/libc_v7em_fpv4_sp_d16_hard_t_le_eabi.a(libc2.o)
                0x000000000002ba9e                __RAL_ascii_mbtowc
 *fill*         0x000000000002bac2        0x2 
 .text.libc.__RAL_isctype
                0x000000000002bac4       0x14 /big/project-storage/nordic-tools/nrf5-sdk-ses/segger_embedded_studio_for_arm_4.52c/lib/libc_v7em_fpv4_sp_d16_hard_t_le_eabi.a(libc2.o)
                0x000000000002bac4                __RAL_isctype
 .text.libc.isprint
                0x000000000002bad8        0xa /big/project-storage/nordic-tools/nrf5-sdk-ses/segger_embedded_studio_for_arm_4.52c/lib/libc_v7em_fpv4_sp_d16_hard_t_le_eabi.a(libc2.o)
                0x000000000002bad8                isprint
 .text.libc.memcpy
                0x000000000002bae2       0x52 /big/project-storage/nordic-tools/nrf5-sdk-ses/segger_embedded_studio_for_arm_4.52c/lib/libc_v7em_fpv4_sp_d16_hard_t_le_eabi.a(libc2_asm.o)
                0x000000000002bae2                memcpy
                0x000000000002bae2                __aeabi_memcpy
                0x000000000002baee                __aeabi_memcpy4
                0x000000000002baee                __aeabi_memcpy8
 .text.libc.memset
                0x000000000002bb34       0x66 /big/project-storage/nordic-tools/nrf5-sdk-ses/segger_embedded_studio_for_arm_4.52c/lib/libc_v7em_fpv4_sp_d16_hard_t_le_eabi.a(libc2_asm.o)
                0x000000000002bb34                memset
 .text.libc.strcpy
                0x000000000002bb9a       0x44 /big/project-storage/nordic-tools/nrf5-sdk-ses/segger_embedded_studio_for_arm_4.52c/lib/libc_v7em_fpv4_sp_d16_hard_t_le_eabi.a(libc2_asm.o)
                0x000000000002bb9a                strcpy
 .text.libc.strlen
                0x000000000002bbde       0x60 /big/project-storage/nordic-tools/nrf5-sdk-ses/segger_embedded_studio_for_arm_4.52c/lib/libc_v7em_fpv4_sp_d16_hard_t_le_eabi.a(libc2_asm.o)
                0x000000000002bbde                strlen
                0x000000000002bc3e                __text_end__ = (__text_start__ + SIZEOF (.text))
                0x000000000000486e                __text_size__ = SIZEOF (.text)
                0x000000000002bc3e                __text_load_end__ = __text_end__

.vfp11_veneer   0x0000000100000000        0x0
 .vfp11_veneer  0x0000000100000000        0x0 linker stubs

.v4_bx          0x0000000100000000        0x0
 .v4_bx         0x0000000100000000        0x0 linker stubs

.iplt           0x0000000100000000        0x0
 .iplt          0x0000000100000000        0x0 Output/ble_pwm_blinky_pca10056 Release/Obj/thumb_crt0.o
                0x0000000000000001                . = ASSERT (((__text_start__ == __text_end__) || ((__text_end__ - __FLASH_segment_start__) <= __FLASH_segment_size__)), error: .text is too large to fit in FLASH memory segment)
                0x000000000002bc40                __sdh_soc_observers_load_start__ = ALIGN (__text_end__, 0x4)

.sdh_soc_observers
                0x000000000002bc40        0x0
                0x000000000002bc40                __sdh_soc_observers_start__ = .
                0x000000000002bc40                __start_sdh_soc_observers = __sdh_soc_observers_start__
 *(SORT_BY_NAME(.sdh_soc_observers*))
                0x000000000002bc40                __sdh_soc_observers_end__ = (__sdh_soc_observers_start__ + SIZEOF (.sdh_soc_observers))
                0x0000000000000000                __sdh_soc_observers_size__ = SIZEOF (.sdh_soc_observers)
                0x000000000002bc40                __stop_sdh_soc_observers = __sdh_soc_observers_end__
                0x000000000002bc40                __sdh_soc_observers_load_end__ = __sdh_soc_observers_end__
                0x0000000000000001                . = ASSERT (((__sdh_soc_observers_start__ == __sdh_soc_observers_end__) || ((__sdh_soc_observers_end__ - __FLASH_segment_start__) <= __FLASH_segment_size__)), error: .sdh_soc_observers is too large to fit in FLASH memory segment)
                0x000000000002bc40                __sdh_ble_observers_load_start__ = ALIGN (__sdh_soc_observers_end__, 0x4)

.sdh_ble_observers
                0x000000000002bc40       0x38
                0x000000000002bc40                __sdh_ble_observers_start__ = .
                0x000000000002bc40                __start_sdh_ble_observers = __sdh_ble_observers_start__
 *(SORT_BY_NAME(.sdh_ble_observers*))
 .sdh_ble_observers0
                0x000000000002bc40        0x8 Output/ble_pwm_blinky_pca10056 Release/Obj/ble_conn_state.o
 .sdh_ble_observers1
                0x000000000002bc48        0x8 Output/ble_pwm_blinky_pca10056 Release/Obj/ble_conn_params.o
 .sdh_ble_observers1
                0x000000000002bc50       0x10 Output/ble_pwm_blinky_pca10056 Release/Obj/main.o
 .sdh_ble_observers2
                0x000000000002bc60       0x10 Output/ble_pwm_blinky_pca10056 Release/Obj/main.o
 .sdh_ble_observers3
                0x000000000002bc70        0x8 Output/ble_pwm_blinky_pca10056 Release/Obj/main.o
                0x000000000002bc78                __sdh_ble_observers_end__ = (__sdh_ble_observers_start__ + SIZEOF (.sdh_ble_observers))
                0x0000000000000038                __sdh_ble_observers_size__ = SIZEOF (.sdh_ble_observers)
                0x000000000002bc78                __stop_sdh_ble_observers = __sdh_ble_observers_end__
                0x000000000002bc78                __sdh_ble_observers_load_end__ = __sdh_ble_observers_end__
                0x0000000000000001                . = ASSERT (((__sdh_ble_observers_start__ == __sdh_ble_observers_end__) || ((__sdh_ble_observers_end__ - __FLASH_segment_start__) <= __FLASH_segment_size__)), error: .sdh_ble_observers is too large to fit in FLASH memory segment)
                0x000000000002bc78                __pwr_mgmt_data_load_start__ = ALIGN (__sdh_ble_observers_end__, 0x4)

.pwr_mgmt_data  0x000000000002bc78        0x0
                0x000000000002bc78                __pwr_mgmt_data_start__ = .
                0x000000000002bc78                __start_pwr_mgmt_data = __pwr_mgmt_data_start__
 *(SORT_BY_NAME(.pwr_mgmt_data*))
                0x000000000002bc78                __pwr_mgmt_data_end__ = (__pwr_mgmt_data_start__ + SIZEOF (.pwr_mgmt_data))
                0x0000000000000000                __pwr_mgmt_data_size__ = SIZEOF (.pwr_mgmt_data)
                0x000000000002bc78                __stop_pwr_mgmt_data = __pwr_mgmt_data_end__
                0x000000000002bc78                __pwr_mgmt_data_load_end__ = __pwr_mgmt_data_end__
                0x0000000000000001                . = ASSERT (((__pwr_mgmt_data_start__ == __pwr_mgmt_data_end__) || ((__pwr_mgmt_data_end__ - __FLASH_segment_start__) <= __FLASH_segment_size__)), error: .pwr_mgmt_data is too large to fit in FLASH memory segment)
                0x000000000002bc78                __sdh_state_observers_load_start__ = ALIGN (__pwr_mgmt_data_end__, 0x4)

.sdh_state_observers
                0x000000000002bc78        0x0
                0x000000000002bc78                __sdh_state_observers_start__ = .
                0x000000000002bc78                __start_sdh_state_observers = __sdh_state_observers_start__
 *(SORT_BY_NAME(.sdh_state_observers*))
                0x000000000002bc78                __sdh_state_observers_end__ = (__sdh_state_observers_start__ + SIZEOF (.sdh_state_observers))
                0x0000000000000000                __sdh_state_observers_size__ = SIZEOF (.sdh_state_observers)
                0x000000000002bc78                __stop_sdh_state_observers = __sdh_state_observers_end__
                0x000000000002bc78                __sdh_state_observers_load_end__ = __sdh_state_observers_end__
                0x0000000000000001                . = ASSERT (((__sdh_state_observers_start__ == __sdh_state_observers_end__) || ((__sdh_state_observers_end__ - __FLASH_segment_start__) <= __FLASH_segment_size__)), error: .sdh_state_observers is too large to fit in FLASH memory segment)
                0x000000000002bc78                __sdh_stack_observers_load_start__ = ALIGN (__sdh_state_observers_end__, 0x4)

.sdh_stack_observers
                0x000000000002bc78       0x10
                0x000000000002bc78                __sdh_stack_observers_start__ = .
                0x000000000002bc78                __start_sdh_stack_observers = __sdh_stack_observers_start__
 *(SORT_BY_NAME(.sdh_stack_observers*))
 .sdh_stack_observers0
                0x000000000002bc78        0x8 Output/ble_pwm_blinky_pca10056 Release/Obj/nrf_sdh_ble.o
 .sdh_stack_observers0
                0x000000000002bc80        0x8 Output/ble_pwm_blinky_pca10056 Release/Obj/nrf_sdh_soc.o
                0x000000000002bc88                __sdh_stack_observers_end__ = (__sdh_stack_observers_start__ + SIZEOF (.sdh_stack_observers))
                0x0000000000000010                __sdh_stack_observers_size__ = SIZEOF (.sdh_stack_observers)
                0x000000000002bc88                __stop_sdh_stack_observers = __sdh_stack_observers_end__
                0x000000000002bc88                __sdh_stack_observers_load_end__ = __sdh_stack_observers_end__
                0x0000000000000001                . = ASSERT (((__sdh_stack_observers_start__ == __sdh_stack_observers_end__) || ((__sdh_stack_observers_end__ - __FLASH_segment_start__) <= __FLASH_segment_size__)), error: .sdh_stack_observers is too large to fit in FLASH memory segment)
                0x000000000002bc88                __sdh_req_observers_load_start__ = ALIGN (__sdh_stack_observers_end__, 0x4)

.sdh_req_observers
                0x000000000002bc88        0x0
                0x000000000002bc88                __sdh_req_observers_start__ = .
                0x000000000002bc88                __start_sdh_req_observers = __sdh_req_observers_start__
 *(SORT_BY_NAME(.sdh_req_observers*))
                0x000000000002bc88                __sdh_req_observers_end__ = (__sdh_req_observers_start__ + SIZEOF (.sdh_req_observers))
                0x0000000000000000                __sdh_req_observers_size__ = SIZEOF (.sdh_req_observers)
                0x000000000002bc88                __stop_sdh_req_observers = __sdh_req_observers_end__
                0x000000000002bc88                __sdh_req_observers_load_end__ = __sdh_req_observers_end__
                0x0000000000000001                . = ASSERT (((__sdh_req_observers_start__ == __sdh_req_observers_end__) || ((__sdh_req_observers_end__ - __FLASH_segment_start__) <= __FLASH_segment_size__)), error: .sdh_req_observers is too large to fit in FLASH memory segment)
                0x000000000002bc88                __nrf_queue_load_start__ = ALIGN (__sdh_req_observers_end__, 0x4)

.nrf_queue      0x000000000002bc88        0x0
                0x000000000002bc88                __nrf_queue_start__ = .
                0x000000000002bc88                __start_nrf_queue = __nrf_queue_start__
 *(.nrf_queue*)
                0x000000000002bc88                __nrf_queue_end__ = (__nrf_queue_start__ + SIZEOF (.nrf_queue))
                0x0000000000000000                __nrf_queue_size__ = SIZEOF (.nrf_queue)
                0x000000000002bc88                __stop_nrf_queue = __nrf_queue_end__
                0x000000000002bc88                __nrf_queue_load_end__ = __nrf_queue_end__
                0x0000000000000001                . = ASSERT (((__nrf_queue_start__ == __nrf_queue_end__) || ((__nrf_queue_end__ - __FLASH_segment_start__) <= __FLASH_segment_size__)), error: .nrf_queue is too large to fit in FLASH memory segment)
                0x000000000002bc88                __nrf_balloc_load_start__ = ALIGN (__nrf_queue_end__, 0x4)

.nrf_balloc     0x000000000002bc88       0x14
                0x000000000002bc88                __nrf_balloc_start__ = .
                0x000000000002bc88                __start_nrf_balloc = __nrf_balloc_start__
 *(.nrf_balloc*)
 .nrf_balloc    0x000000000002bc88       0x14 Output/ble_pwm_blinky_pca10056 Release/Obj/nrf_log_frontend.o
                0x000000000002bc88                log_mempool
                0x000000000002bc9c                __nrf_balloc_end__ = (__nrf_balloc_start__ + SIZEOF (.nrf_balloc))
                0x0000000000000014                __nrf_balloc_size__ = SIZEOF (.nrf_balloc)
                0x000000000002bc9c                __stop_nrf_balloc = __nrf_balloc_end__
                0x000000000002bc9c                __nrf_balloc_load_end__ = __nrf_balloc_end__
                0x0000000000000001                . = ASSERT (((__nrf_balloc_start__ == __nrf_balloc_end__) || ((__nrf_balloc_end__ - __FLASH_segment_start__) <= __FLASH_segment_size__)), error: .nrf_balloc is too large to fit in FLASH memory segment)
                0x000000000002bc9c                __cli_command_load_start__ = ALIGN (__nrf_balloc_end__, 0x4)

.cli_command    0x000000000002bc9c        0x0
                0x000000000002bc9c                __cli_command_start__ = .
                0x000000000002bc9c                __start_cli_command = __cli_command_start__
 *(.cli_command*)
                0x000000000002bc9c                __cli_command_end__ = (__cli_command_start__ + SIZEOF (.cli_command))
                0x0000000000000000                __cli_command_size__ = SIZEOF (.cli_command)
                0x000000000002bc9c                __stop_cli_command = __cli_command_end__
                0x000000000002bc9c                __cli_command_load_end__ = __cli_command_end__
                0x0000000000000001                . = ASSERT (((__cli_command_start__ == __cli_command_end__) || ((__cli_command_end__ - __FLASH_segment_start__) <= __FLASH_segment_size__)), error: .cli_command is too large to fit in FLASH memory segment)
                0x000000000002bc9c                __crypto_data_load_start__ = ALIGN (__cli_command_end__, 0x4)

.crypto_data    0x000000000002bc9c        0x0
                0x000000000002bc9c                __crypto_data_start__ = .
                0x000000000002bc9c                __start_crypto_data = __crypto_data_start__
 *(SORT_BY_NAME(.crypto_data*))
                0x000000000002bc9c                __crypto_data_end__ = (__crypto_data_start__ + SIZEOF (.crypto_data))
                0x0000000000000000                __crypto_data_size__ = SIZEOF (.crypto_data)
                0x000000000002bc9c                __stop_crypto_data = __crypto_data_end__
                0x000000000002bc9c                __crypto_data_load_end__ = __crypto_data_end__
                0x0000000000000001                . = ASSERT (((__crypto_data_start__ == __crypto_data_end__) || ((__crypto_data_end__ - __FLASH_segment_start__) <= __FLASH_segment_size__)), error: .crypto_data is too large to fit in FLASH memory segment)
                0x000000000002bc9c                __log_const_data_load_start__ = ALIGN (__crypto_data_end__, 0x4)

.log_const_data
                0x000000000002bc9c       0x60
                0x000000000002bc9c                __log_const_data_start__ = .
                0x000000000002bc9c                __start_log_const_data = __log_const_data_start__
 *(SORT_BY_NAME(.log_const_data*))
 .log_const_data_GPIOTE
                0x000000000002bc9c        0x8 Output/ble_pwm_blinky_pca10056 Release/Obj/nrfx_gpiote.o
                0x000000000002bc9c                m_nrf_log_GPIOTE_logs_data_const
 .log_const_data_PPI
                0x000000000002bca4        0x8 Output/ble_pwm_blinky_pca10056 Release/Obj/nrfx_ppi.o
                0x000000000002bca4                m_nrf_log_PPI_logs_data_const
 .log_const_data_TIMER
                0x000000000002bcac        0x8 Output/ble_pwm_blinky_pca10056 Release/Obj/nrfx_timer.o
                0x000000000002bcac                m_nrf_log_TIMER_logs_data_const
 .log_const_data_app
                0x000000000002bcb4        0x8 Output/ble_pwm_blinky_pca10056 Release/Obj/nrf_log_frontend.o
                0x000000000002bcb4                m_nrf_log_app_logs_data_const
 .log_const_data_app_timer
                0x000000000002bcbc        0x8 Output/ble_pwm_blinky_pca10056 Release/Obj/app_timer2.o
                0x000000000002bcbc                m_nrf_log_app_timer_logs_data_const
 .log_const_data_ble_nus
                0x000000000002bcc4        0x8 Output/ble_pwm_blinky_pca10056 Release/Obj/ble_nus.o
                0x000000000002bcc4                m_nrf_log_ble_nus_logs_data_const
 .log_const_data_nrf_ble_gatt
                0x000000000002bccc        0x8 Output/ble_pwm_blinky_pca10056 Release/Obj/nrf_ble_gatt.o
                0x000000000002bccc                m_nrf_log_nrf_ble_gatt_logs_data_const
 .log_const_data_nrf_sdh
                0x000000000002bcd4        0x8 Output/ble_pwm_blinky_pca10056 Release/Obj/nrf_sdh.o
                0x000000000002bcd4                m_nrf_log_nrf_sdh_logs_data_const
 .log_const_data_nrf_sdh_ble
                0x000000000002bcdc        0x8 Output/ble_pwm_blinky_pca10056 Release/Obj/nrf_sdh_ble.o
                0x000000000002bcdc                m_nrf_log_nrf_sdh_ble_logs_data_const
 .log_const_data_nrf_sdh_soc
                0x000000000002bce4        0x8 Output/ble_pwm_blinky_pca10056 Release/Obj/nrf_sdh_soc.o
                0x000000000002bce4                m_nrf_log_nrf_sdh_soc_logs_data_const
 .log_const_data_pwr_mgmt
                0x000000000002bcec        0x8 Output/ble_pwm_blinky_pca10056 Release/Obj/nrf_pwr_mgmt.o
                0x000000000002bcec                m_nrf_log_pwr_mgmt_logs_data_const
 .log_const_data_sortlist
                0x000000000002bcf4        0x8 Output/ble_pwm_blinky_pca10056 Release/Obj/nrf_sortlist.o
                0x000000000002bcf4                m_nrf_log_sortlist_logs_data_const
                0x000000000002bcfc                __log_const_data_end__ = (__log_const_data_start__ + SIZEOF (.log_const_data))
                0x0000000000000060                __log_const_data_size__ = SIZEOF (.log_const_data)
                0x000000000002bcfc                __stop_log_const_data = __log_const_data_end__
                0x000000000002bcfc                __log_const_data_load_end__ = __log_const_data_end__
                0x0000000000000001                . = ASSERT (((__log_const_data_start__ == __log_const_data_end__) || ((__log_const_data_end__ - __FLASH_segment_start__) <= __FLASH_segment_size__)), error: .log_const_data is too large to fit in FLASH memory segment)
                0x000000000002bcfc                __log_backends_load_start__ = ALIGN (__log_const_data_end__, 0x4)

.log_backends   0x000000000002bcfc       0x10
                0x000000000002bcfc                __log_backends_start__ = .
                0x000000000002bcfc                __start_log_backends = __log_backends_start__
 *(SORT_BY_NAME(.log_backends*))
 .log_backends  0x000000000002bcfc       0x10 Output/ble_pwm_blinky_pca10056 Release/Obj/nrf_log_default_backends.o
                0x000000000002bd0c                __log_backends_end__ = (__log_backends_start__ + SIZEOF (.log_backends))
                0x0000000000000010                __log_backends_size__ = SIZEOF (.log_backends)
                0x000000000002bd0c                __stop_log_backends = __log_backends_end__
                0x000000000002bd0c                __log_backends_load_end__ = __log_backends_end__
                0x0000000000000001                . = ASSERT (((__log_backends_start__ == __log_backends_end__) || ((__log_backends_end__ - __FLASH_segment_start__) <= __FLASH_segment_size__)), error: .log_backends is too large to fit in FLASH memory segment)
                0x000000000002bd0c                __nrf_sections_load_start__ = ALIGN (__log_backends_end__, 0x4)

.nrf_sections   0x000000000002bd0c        0x0
                0x000000000002bd0c                __nrf_sections_start__ = .
                0x000000000002bd0c                __start_nrf_sections = __nrf_sections_start__
 *(.nrf_sections .nrf_sections.*)
                0x000000000002bd0c                __nrf_sections_end__ = (__nrf_sections_start__ + SIZEOF (.nrf_sections))
                0x0000000000000000                __nrf_sections_size__ = SIZEOF (.nrf_sections)
                0x000000000002bd0c                __nrf_sections_load_end__ = __nrf_sections_end__
                0x0000000000000001                . = ASSERT (((__nrf_sections_start__ == __nrf_sections_end__) || ((__nrf_sections_end__ - __FLASH_segment_start__) <= __FLASH_segment_size__)), error: .nrf_sections is too large to fit in FLASH memory segment)
                0x000000000002bd0c                __cli_sorted_cmd_ptrs_load_start__ = ALIGN (__nrf_sections_end__, 0x4)

.cli_sorted_cmd_ptrs
                0x0000000020002ae8        0x0 load address 0x000000000002bd0c
                0x0000000020002ae8                __cli_sorted_cmd_ptrs_start__ = .
 *(.cli_sorted_cmd_ptrs*)
                0x0000000020002ae8                __cli_sorted_cmd_ptrs_end__ = (__cli_sorted_cmd_ptrs_start__ + SIZEOF (.cli_sorted_cmd_ptrs))
                0x0000000000000000                __cli_sorted_cmd_ptrs_size__ = SIZEOF (.cli_sorted_cmd_ptrs)
                0x000000000002bd0c                __cli_sorted_cmd_ptrs_load_end__ = (__cli_sorted_cmd_ptrs_load_start__ + SIZEOF (.cli_sorted_cmd_ptrs))
                0x0000000000000001                . = ASSERT (((__cli_sorted_cmd_ptrs_load_start__ == __cli_sorted_cmd_ptrs_load_end__) || ((__cli_sorted_cmd_ptrs_load_end__ - __FLASH_segment_start__) <= __FLASH_segment_size__)), error: .cli_sorted_cmd_ptrs is too large to fit in FLASH memory segment)

.cli_sorted_cmd_ptrs_run
                0x0000000020002ae8        0x0
                0x0000000020002ae8                __cli_sorted_cmd_ptrs_run_start__ = .
                0x0000000020002ae8                __start_cli_sorted_cmd_ptrs = __cli_sorted_cmd_ptrs_run_start__
                0x0000000020002ae8                . = MAX ((__cli_sorted_cmd_ptrs_run_start__ + SIZEOF (.cli_sorted_cmd_ptrs)), .)
                0x0000000020002ae8                __cli_sorted_cmd_ptrs_run_end__ = (__cli_sorted_cmd_ptrs_run_start__ + SIZEOF (.cli_sorted_cmd_ptrs_run))
                0x0000000000000000                __cli_sorted_cmd_ptrs_run_size__ = SIZEOF (.cli_sorted_cmd_ptrs_run)
                0x0000000020002ae8                __stop_cli_sorted_cmd_ptrs = __cli_sorted_cmd_ptrs_run_end__
                0x0000000020002ae8                __cli_sorted_cmd_ptrs_run_load_end__ = __cli_sorted_cmd_ptrs_run_end__
                0x0000000000000001                . = ASSERT (((__cli_sorted_cmd_ptrs_run_start__ == __cli_sorted_cmd_ptrs_run_end__) || ((__cli_sorted_cmd_ptrs_run_end__ - __RAM_segment_start__) <= __RAM_segment_size__)), error: .cli_sorted_cmd_ptrs_run is too large to fit in RAM memory segment)
                0x000000000002bd0c                __fs_data_load_start__ = ALIGN ((__cli_sorted_cmd_ptrs_load_start__ + SIZEOF (.cli_sorted_cmd_ptrs)), 0x4)

.fs_data        0x0000000020002ae8        0x0 load address 0x000000000002bd0c
                0x0000000020002ae8                __fs_data_start__ = .
 *(.fs_data*)
                0x0000000020002ae8                __fs_data_end__ = (__fs_data_start__ + SIZEOF (.fs_data))
                0x0000000000000000                __fs_data_size__ = SIZEOF (.fs_data)
                0x000000000002bd0c                __fs_data_load_end__ = (__fs_data_load_start__ + SIZEOF (.fs_data))
                0x0000000000000001                . = ASSERT (((__fs_data_load_start__ == __fs_data_load_end__) || ((__fs_data_load_end__ - __FLASH_segment_start__) <= __FLASH_segment_size__)), error: .fs_data is too large to fit in FLASH memory segment)

.fs_data_run    0x0000000020002ae8        0x0
                0x0000000020002ae8                __fs_data_run_start__ = .
                0x0000000020002ae8                __start_fs_data = __fs_data_run_start__
                0x0000000020002ae8                . = MAX ((__fs_data_run_start__ + SIZEOF (.fs_data)), .)
                0x0000000020002ae8                __fs_data_run_end__ = (__fs_data_run_start__ + SIZEOF (.fs_data_run))
                0x0000000000000000                __fs_data_run_size__ = SIZEOF (.fs_data_run)
                0x0000000020002ae8                __stop_fs_data = __fs_data_run_end__
                0x0000000020002ae8                __fs_data_run_load_end__ = __fs_data_run_end__
                0x0000000000000001                . = ASSERT (((__fs_data_run_start__ == __fs_data_run_end__) || ((__fs_data_run_end__ - __RAM_segment_start__) <= __RAM_segment_size__)), error: .fs_data_run is too large to fit in RAM memory segment)
                0x000000000002bd0c                __log_dynamic_data_load_start__ = ALIGN ((__fs_data_load_start__ + SIZEOF (.fs_data)), 0x4)

.log_dynamic_data
                0x0000000020002ae8        0x0 load address 0x000000000002bd0c
                0x0000000020002ae8                __log_dynamic_data_start__ = .
 *(SORT_BY_NAME(.log_dynamic_data*))
                0x0000000020002ae8                __log_dynamic_data_end__ = (__log_dynamic_data_start__ + SIZEOF (.log_dynamic_data))
                0x0000000000000000                __log_dynamic_data_size__ = SIZEOF (.log_dynamic_data)
                0x000000000002bd0c                __log_dynamic_data_load_end__ = (__log_dynamic_data_load_start__ + SIZEOF (.log_dynamic_data))
                0x0000000000000001                . = ASSERT (((__log_dynamic_data_load_start__ == __log_dynamic_data_load_end__) || ((__log_dynamic_data_load_end__ - __FLASH_segment_start__) <= __FLASH_segment_size__)), error: .log_dynamic_data is too large to fit in FLASH memory segment)

.log_dynamic_data_run
                0x0000000020002ae8        0x0
                0x0000000020002ae8                __log_dynamic_data_run_start__ = .
                0x0000000020002ae8                __start_log_dynamic_data = __log_dynamic_data_run_start__
                0x0000000020002ae8                . = MAX ((__log_dynamic_data_run_start__ + SIZEOF (.log_dynamic_data)), .)
                0x0000000020002ae8                __log_dynamic_data_run_end__ = (__log_dynamic_data_run_start__ + SIZEOF (.log_dynamic_data_run))
                0x0000000000000000                __log_dynamic_data_run_size__ = SIZEOF (.log_dynamic_data_run)
                0x0000000020002ae8                __stop_log_dynamic_data = __log_dynamic_data_run_end__
                0x0000000020002ae8                __log_dynamic_data_run_load_end__ = __log_dynamic_data_run_end__
                0x0000000000000001                . = ASSERT (((__log_dynamic_data_run_start__ == __log_dynamic_data_run_end__) || ((__log_dynamic_data_run_end__ - __RAM_segment_start__) <= __RAM_segment_size__)), error: .log_dynamic_data_run is too large to fit in RAM memory segment)
                0x000000000002bd0c                __log_filter_data_load_start__ = ALIGN ((__log_dynamic_data_load_start__ + SIZEOF (.log_dynamic_data)), 0x4)

.log_filter_data
                0x0000000020002ae8        0x0 load address 0x000000000002bd0c
                0x0000000020002ae8                __log_filter_data_start__ = .
 *(SORT_BY_NAME(.log_filter_data*))
                0x0000000020002ae8                __log_filter_data_end__ = (__log_filter_data_start__ + SIZEOF (.log_filter_data))
                0x0000000000000000                __log_filter_data_size__ = SIZEOF (.log_filter_data)
                0x000000000002bd0c                __log_filter_data_load_end__ = (__log_filter_data_load_start__ + SIZEOF (.log_filter_data))
                0x0000000000000001                . = ASSERT (((__log_filter_data_load_start__ == __log_filter_data_load_end__) || ((__log_filter_data_load_end__ - __FLASH_segment_start__) <= __FLASH_segment_size__)), error: .log_filter_data is too large to fit in FLASH memory segment)

.log_filter_data_run
                0x0000000020002ae8        0x0
                0x0000000020002ae8                __log_filter_data_run_start__ = .
                0x0000000020002ae8                __start_log_filter_data = __log_filter_data_run_start__
                0x0000000020002ae8                . = MAX ((__log_filter_data_run_start__ + SIZEOF (.log_filter_data)), .)
                0x0000000020002ae8                __log_filter_data_run_end__ = (__log_filter_data_run_start__ + SIZEOF (.log_filter_data_run))
                0x0000000000000000                __log_filter_data_run_size__ = SIZEOF (.log_filter_data_run)
                0x0000000020002ae8                __stop_log_filter_data = __log_filter_data_run_end__
                0x0000000020002ae8                __log_filter_data_run_load_end__ = __log_filter_data_run_end__
                0x0000000000000001                . = ASSERT (((__log_filter_data_run_start__ == __log_filter_data_run_end__) || ((__log_filter_data_run_end__ - __RAM_segment_start__) <= __RAM_segment_size__)), error: .log_filter_data_run is too large to fit in RAM memory segment)
                0x0000000020002ae8                __nrf_sections_run_end_load_start__ = ALIGN (__log_filter_data_run_end__, 0x4)

.nrf_sections_run_end
                0x0000000020002ae8        0x0
                0x0000000020002ae8                __nrf_sections_run_end_start__ = .
                0x0000000020002ae8                __end_nrf_sections_run = __nrf_sections_run_end_start__
 *(.nrf_sections_run_end .nrf_sections_run_end.*)
                0x0000000020002ae8                __nrf_sections_run_end_end__ = (__nrf_sections_run_end_start__ + SIZEOF (.nrf_sections_run_end))
                0x0000000000000000                __nrf_sections_run_end_size__ = SIZEOF (.nrf_sections_run_end)
                0x0000000020002ae8                __nrf_sections_run_end_load_end__ = __nrf_sections_run_end_end__
                0x0000000000000001                . = ASSERT (((__nrf_sections_run_end_start__ == __nrf_sections_run_end_end__) || ((__nrf_sections_run_end_end__ - __RAM_segment_start__) <= __RAM_segment_size__)), error: .nrf_sections_run_end is too large to fit in RAM memory segment)
                0x000000000002bd0c                __dtors_load_start__ = ALIGN ((__log_filter_data_load_start__ + SIZEOF (.log_filter_data)), 0x4)

.dtors          0x000000000002bd0c        0x0
                0x000000000002bd0c                __dtors_start__ = .
 *(SORT_BY_NAME(.dtors.*))
 *(.dtors)
 *(.fini_array)
 *(SORT_BY_NAME(.fini_array.*))
                0x000000000002bd0c                __dtors_end__ = (__dtors_start__ + SIZEOF (.dtors))
                0x0000000000000000                __dtors_size__ = SIZEOF (.dtors)
                0x000000000002bd0c                __dtors_load_end__ = __dtors_end__
                0x0000000000000001                . = ASSERT (((__dtors_start__ == __dtors_end__) || ((__dtors_end__ - __FLASH_segment_start__) <= __FLASH_segment_size__)), error: .dtors is too large to fit in FLASH memory segment)
                0x000000000002bd0c                __ctors_load_start__ = ALIGN (__dtors_end__, 0x4)

.ctors          0x000000000002bd0c        0x0
                0x000000000002bd0c                __ctors_start__ = .
 *(SORT_BY_NAME(.ctors.*))
 *(.ctors)
 *(.init_array)
 *(SORT_BY_NAME(.init_array.*))
                0x000000000002bd0c                __ctors_end__ = (__ctors_start__ + SIZEOF (.ctors))
                0x0000000000000000                __ctors_size__ = SIZEOF (.ctors)
                0x000000000002bd0c                __ctors_load_end__ = __ctors_end__
                0x0000000000000001                . = ASSERT (((__ctors_start__ == __ctors_end__) || ((__ctors_end__ - __FLASH_segment_start__) <= __FLASH_segment_size__)), error: .ctors is too large to fit in FLASH memory segment)
                0x000000000002bd0c                __rodata_load_start__ = ALIGN (__ctors_end__, 0x4)

.rodata         0x000000000002bd0c      0xe42
                0x000000000002bd0c                __rodata_start__ = .
 *(.rodata .rodata.* .gnu.linkonce.r.*)
 *fill*         0x000000000002bd0c        0x4 
 .rodata.delay_machine_code.8939
                0x000000000002bd10        0x6 Output/ble_pwm_blinky_pca10056 Release/Obj/nrf_log_backend_rtt.o
 *fill*         0x000000000002bd16        0x2 
 .rodata.nrf_log_backend_rtt_api
                0x000000000002bd18        0xc Output/ble_pwm_blinky_pca10056 Release/Obj/nrf_log_backend_rtt.o
                0x000000000002bd18                nrf_log_backend_rtt_api
 .rodata.str1.1
                0x000000000002bd24       0x10 Output/ble_pwm_blinky_pca10056 Release/Obj/nrf_log_default_backends.o
 .rodata.nrf_log_frontend_dequeue.str1.1
                0x000000000002bd34       0x11 Output/ble_pwm_blinky_pca10056 Release/Obj/nrf_log_frontend.o
 .rodata.str1.1
                0x000000000002bd45        0x4 Output/ble_pwm_blinky_pca10056 Release/Obj/nrf_log_frontend.o
 *fill*         0x000000000002bd49        0x3 
 .rodata.m_log_push_ringbuf
                0x000000000002bd4c        0xc Output/ble_pwm_blinky_pca10056 Release/Obj/nrf_log_frontend.o
 .rodata.postfix_process.str1.1
                0x000000000002bd58        0x8 Output/ble_pwm_blinky_pca10056 Release/Obj/nrf_log_str_formatter.o
                                          0xb (size before relaxing)
 .rodata.prefix_process.str1.1
                0x000000000002bd60       0x2a Output/ble_pwm_blinky_pca10056 Release/Obj/nrf_log_str_formatter.o
 .rodata.nrf_log_hexdump_entry_process.str1.1
                0x000000000002bd8a        0xf Output/ble_pwm_blinky_pca10056 Release/Obj/nrf_log_str_formatter.o
                                         0x11 (size before relaxing)
 .rodata.str1.1
                0x000000000002bd99       0x4b Output/ble_pwm_blinky_pca10056 Release/Obj/nrf_log_str_formatter.o
                                         0x51 (size before relaxing)
 .rodata.m_colors
                0x000000000002bde4       0x24 Output/ble_pwm_blinky_pca10056 Release/Obj/nrf_log_str_formatter.o
 .rodata.severity_names
                0x000000000002be08       0x14 Output/ble_pwm_blinky_pca10056 Release/Obj/nrf_log_str_formatter.o
 .rodata.app_error_fault_handler.str1.1
                0x000000000002be1c       0x19 Output/ble_pwm_blinky_pca10056 Release/Obj/app_error_weak.o
 .rodata.str1.1
                0x000000000002be35        0xa Output/ble_pwm_blinky_pca10056 Release/Obj/app_timer2.o
 *fill*         0x000000000002be3f        0x1 
 .rodata        0x000000000002be40        0x4 Output/ble_pwm_blinky_pca10056 Release/Obj/app_timer2.o
 .rodata.m_app_timer_sortlist
                0x000000000002be44        0xc Output/ble_pwm_blinky_pca10056 Release/Obj/app_timer2.o
 .rodata._aV2C.7833
                0x000000000002be50       0x10 Output/ble_pwm_blinky_pca10056 Release/Obj/nrf_fprintf_format.o
 .rodata.str1.1
                0x000000000002be60      0x3ba Output/ble_pwm_blinky_pca10056 Release/Obj/nrf_strerror.o
 .rodata.m_unknown_str
                0x000000000002c21a       0x13 Output/ble_pwm_blinky_pca10056 Release/Obj/nrf_strerror.o
 *fill*         0x000000000002c22d        0x3 
 .rodata.nrf_strerror_array
                0x000000000002c230      0x128 Output/ble_pwm_blinky_pca10056 Release/Obj/nrf_strerror.o
 .rodata.drv_rtc_init.str1.1
                0x000000000002c358       0x34 Output/ble_pwm_blinky_pca10056 Release/Obj/drv_rtc.o
 *fill*         0x000000000002c38c        0x4 
 .rodata.delay_machine_code.8331
                0x000000000002c390        0x6 Output/ble_pwm_blinky_pca10056 Release/Obj/drv_rtc.o
 .rodata.str1.1
                0x000000000002c396        0x9 Output/ble_pwm_blinky_pca10056 Release/Obj/nrf_sortlist.o
 .rodata.str1.1
                0x000000000002c39f        0x9 Output/ble_pwm_blinky_pca10056 Release/Obj/nrf_pwr_mgmt.o
 .rodata.pwr_mgmt_data
                0x000000000002c3a8        0xc Output/ble_pwm_blinky_pca10056 Release/Obj/nrf_pwr_mgmt.o
 .rodata.str1.1
                0x000000000002c3b4        0x7 Output/ble_pwm_blinky_pca10056 Release/Obj/nrfx_gpiote.o
 .rodata.str1.1
                0x000000000002c3bb        0x4 Output/ble_pwm_blinky_pca10056 Release/Obj/nrfx_ppi.o
 .rodata.str1.1
                0x000000000002c3bf        0x6 Output/ble_pwm_blinky_pca10056 Release/Obj/nrfx_timer.o
 .rodata._DoInit.str1.1
                0x000000000002c3c5       0x14 Output/ble_pwm_blinky_pca10056 Release/Obj/SEGGER_RTT.o
 .rodata.data_length_update.str1.1
                0x000000000002c3d9       0xdf Output/ble_pwm_blinky_pca10056 Release/Obj/nrf_ble_gatt.o
 .rodata.nrf_ble_gatt_on_ble_evt.str1.1
                0x000000000002c4b8       0x60 Output/ble_pwm_blinky_pca10056 Release/Obj/nrf_ble_gatt.o
 .rodata.str1.1
                0x000000000002c518        0xd Output/ble_pwm_blinky_pca10056 Release/Obj/nrf_ble_gatt.o
 .rodata.str1.1
                0x000000000002c525        0x8 Output/ble_pwm_blinky_pca10056 Release/Obj/ble_nus.o
 .rodata        0x000000000002c52d       0x10 Output/ble_pwm_blinky_pca10056 Release/Obj/ble_nus.o
 .rodata.str1.1
                0x000000000002c53d        0x8 Output/ble_pwm_blinky_pca10056 Release/Obj/nrf_sdh.o
 .rodata        0x000000000002c545        0x4 Output/ble_pwm_blinky_pca10056 Release/Obj/nrf_sdh.o
 *fill*         0x000000000002c549        0x3 
 .rodata.sdh_req_observers
                0x000000000002c54c        0xc Output/ble_pwm_blinky_pca10056 Release/Obj/nrf_sdh.o
 .rodata.sdh_stack_observers
                0x000000000002c558        0xc Output/ble_pwm_blinky_pca10056 Release/Obj/nrf_sdh.o
 .rodata.sdh_state_observers
                0x000000000002c564        0xc Output/ble_pwm_blinky_pca10056 Release/Obj/nrf_sdh.o
 .rodata.nrf_sdh_ble_default_cfg_set.str1.1
                0x000000000002c570      0x1c9 Output/ble_pwm_blinky_pca10056 Release/Obj/nrf_sdh_ble.o
 .rodata.nrf_sdh_ble_enable.str1.1
                0x000000000002c739       0xa7 Output/ble_pwm_blinky_pca10056 Release/Obj/nrf_sdh_ble.o
 .rodata.str1.1
                0x000000000002c7e0        0xc Output/ble_pwm_blinky_pca10056 Release/Obj/nrf_sdh_ble.o
 .rodata.sdh_ble_observers
                0x000000000002c7ec        0xc Output/ble_pwm_blinky_pca10056 Release/Obj/nrf_sdh_ble.o
 .rodata.str1.1
                0x000000000002c7f8        0xc Output/ble_pwm_blinky_pca10056 Release/Obj/nrf_sdh_soc.o
 .rodata.sdh_soc_observers
                0x000000000002c804        0xc Output/ble_pwm_blinky_pca10056 Release/Obj/nrf_sdh_soc.o
 .rodata.gatt_evt_handler.str1.1
                0x000000000002c810       0x55 Output/ble_pwm_blinky_pca10056 Release/Obj/main.o
 .rodata.ble_evt_handler.str1.1
                0x000000000002c865       0x2b Output/ble_pwm_blinky_pca10056 Release/Obj/main.o
 .rodata.nus_data_handler.str1.1
                0x000000000002c890       0x42 Output/ble_pwm_blinky_pca10056 Release/Obj/main.o
 .rodata.main.str1.1
                0x000000000002c8d2        0xb Output/ble_pwm_blinky_pca10056 Release/Obj/main.o
 *fill*         0x000000000002c8dd        0x3 
 .rodata        0x000000000002c8e0       0x14 Output/ble_pwm_blinky_pca10056 Release/Obj/main.o
 .rodata.PWM    0x000000000002c8f4        0x8 Output/ble_pwm_blinky_pca10056 Release/Obj/main.o
                0x000000000002c8f4                PWM
 *fill*         0x000000000002c8fc        0x4 
 .rodata.delay_machine_code.8331
                0x000000000002c900        0x6 Output/ble_pwm_blinky_pca10056 Release/Obj/main.o
 *fill*         0x000000000002c906        0x2 
 .rodata.m_pwm_PWM_timer
                0x000000000002c908        0x8 Output/ble_pwm_blinky_pca10056 Release/Obj/main.o
                0x000000000002c908                m_pwm_PWM_timer
 .rodata.libc.__RAL_find_locale.str1.4
                0x000000000002c910        0xa /big/project-storage/nordic-tools/nrf5-sdk-ses/segger_embedded_studio_for_arm_4.52c/lib/libc_v7em_fpv4_sp_d16_hard_t_le_eabi.a(libc2.o)
 *fill*         0x000000000002c91a        0x2 
 .rodata.libc.__RAL_ascii_ctype_map
                0x000000000002c91c       0x80 /big/project-storage/nordic-tools/nrf5-sdk-ses/segger_embedded_studio_for_arm_4.52c/lib/libc_v7em_fpv4_sp_d16_hard_t_le_eabi.a(libc2.o)
                0x000000000002c91c                __RAL_ascii_ctype_map
 .rodata.libc.__RAL_ascii_ctype_mask
                0x000000000002c99c        0xd /big/project-storage/nordic-tools/nrf5-sdk-ses/segger_embedded_studio_for_arm_4.52c/lib/libc_v7em_fpv4_sp_d16_hard_t_le_eabi.a(libc2.o)
 *fill*         0x000000000002c9a9        0x3 